Archive member included to satisfy reference by file (symbol)

C:/ST/STM32CubeIDE_1.19.0/STM32CubeIDE/plugins/com.st.stm32cube.ide.mcu.externaltools.gnu-tools-for-stm32.13.3.rel1.win32_1.0.0.202411081344/tools/bin/../lib/gcc/arm-none-eabi/13.3.1/../../../../arm-none-eabi/lib/thumb/v7e-m+dp/hard\libc_nano.a(libc_a-exit.o)
                              C:/ST/STM32CubeIDE_1.19.0/STM32CubeIDE/plugins/com.st.stm32cube.ide.mcu.externaltools.gnu-tools-for-stm32.13.3.rel1.win32_1.0.0.202411081344/tools/bin/../lib/gcc/arm-none-eabi/13.3.1/../../../../arm-none-eabi/lib/thumb/v7e-m+dp/hard/crt0.o (exit)
C:/ST/STM32CubeIDE_1.19.0/STM32CubeIDE/plugins/com.st.stm32cube.ide.mcu.externaltools.gnu-tools-for-stm32.13.3.rel1.win32_1.0.0.202411081344/tools/bin/../lib/gcc/arm-none-eabi/13.3.1/../../../../arm-none-eabi/lib/thumb/v7e-m+dp/hard\libc_nano.a(libc_a-findfp.o)
                              C:/ST/STM32CubeIDE_1.19.0/STM32CubeIDE/plugins/com.st.stm32cube.ide.mcu.externaltools.gnu-tools-for-stm32.13.3.rel1.win32_1.0.0.202411081344/tools/bin/../lib/gcc/arm-none-eabi/13.3.1/../../../../arm-none-eabi/lib/thumb/v7e-m+dp/hard\libc_nano.a(libc_a-exit.o) (__stdio_exit_handler)
C:/ST/STM32CubeIDE_1.19.0/STM32CubeIDE/plugins/com.st.stm32cube.ide.mcu.externaltools.gnu-tools-for-stm32.13.3.rel1.win32_1.0.0.202411081344/tools/bin/../lib/gcc/arm-none-eabi/13.3.1/../../../../arm-none-eabi/lib/thumb/v7e-m+dp/hard\libc_nano.a(libc_a-fwalk.o)
                              C:/ST/STM32CubeIDE_1.19.0/STM32CubeIDE/plugins/com.st.stm32cube.ide.mcu.externaltools.gnu-tools-for-stm32.13.3.rel1.win32_1.0.0.202411081344/tools/bin/../lib/gcc/arm-none-eabi/13.3.1/../../../../arm-none-eabi/lib/thumb/v7e-m+dp/hard\libc_nano.a(libc_a-findfp.o) (_fwalk_sglue)
C:/ST/STM32CubeIDE_1.19.0/STM32CubeIDE/plugins/com.st.stm32cube.ide.mcu.externaltools.gnu-tools-for-stm32.13.3.rel1.win32_1.0.0.202411081344/tools/bin/../lib/gcc/arm-none-eabi/13.3.1/../../../../arm-none-eabi/lib/thumb/v7e-m+dp/hard\libc_nano.a(libc_a-printf.o)
                              ./Display/display.o (printf)
C:/ST/STM32CubeIDE_1.19.0/STM32CubeIDE/plugins/com.st.stm32cube.ide.mcu.externaltools.gnu-tools-for-stm32.13.3.rel1.win32_1.0.0.202411081344/tools/bin/../lib/gcc/arm-none-eabi/13.3.1/../../../../arm-none-eabi/lib/thumb/v7e-m+dp/hard\libc_nano.a(libc_a-puts.o)
                              ./Application/User/main.o (puts)
C:/ST/STM32CubeIDE_1.19.0/STM32CubeIDE/plugins/com.st.stm32cube.ide.mcu.externaltools.gnu-tools-for-stm32.13.3.rel1.win32_1.0.0.202411081344/tools/bin/../lib/gcc/arm-none-eabi/13.3.1/../../../../arm-none-eabi/lib/thumb/v7e-m+dp/hard\libc_nano.a(libc_a-sprintf.o)
                              ./Display/display.o (sprintf)
C:/ST/STM32CubeIDE_1.19.0/STM32CubeIDE/plugins/com.st.stm32cube.ide.mcu.externaltools.gnu-tools-for-stm32.13.3.rel1.win32_1.0.0.202411081344/tools/bin/../lib/gcc/arm-none-eabi/13.3.1/../../../../arm-none-eabi/lib/thumb/v7e-m+dp/hard\libc_nano.a(libc_a-stdio.o)
                              C:/ST/STM32CubeIDE_1.19.0/STM32CubeIDE/plugins/com.st.stm32cube.ide.mcu.externaltools.gnu-tools-for-stm32.13.3.rel1.win32_1.0.0.202411081344/tools/bin/../lib/gcc/arm-none-eabi/13.3.1/../../../../arm-none-eabi/lib/thumb/v7e-m+dp/hard\libc_nano.a(libc_a-findfp.o) (__sread)
C:/ST/STM32CubeIDE_1.19.0/STM32CubeIDE/plugins/com.st.stm32cube.ide.mcu.externaltools.gnu-tools-for-stm32.13.3.rel1.win32_1.0.0.202411081344/tools/bin/../lib/gcc/arm-none-eabi/13.3.1/../../../../arm-none-eabi/lib/thumb/v7e-m+dp/hard\libc_nano.a(libc_a-wbuf.o)
                              C:/ST/STM32CubeIDE_1.19.0/STM32CubeIDE/plugins/com.st.stm32cube.ide.mcu.externaltools.gnu-tools-for-stm32.13.3.rel1.win32_1.0.0.202411081344/tools/bin/../lib/gcc/arm-none-eabi/13.3.1/../../../../arm-none-eabi/lib/thumb/v7e-m+dp/hard\libc_nano.a(libc_a-puts.o) (__swbuf_r)
C:/ST/STM32CubeIDE_1.19.0/STM32CubeIDE/plugins/com.st.stm32cube.ide.mcu.externaltools.gnu-tools-for-stm32.13.3.rel1.win32_1.0.0.202411081344/tools/bin/../lib/gcc/arm-none-eabi/13.3.1/../../../../arm-none-eabi/lib/thumb/v7e-m+dp/hard\libc_nano.a(libc_a-wsetup.o)
                              C:/ST/STM32CubeIDE_1.19.0/STM32CubeIDE/plugins/com.st.stm32cube.ide.mcu.externaltools.gnu-tools-for-stm32.13.3.rel1.win32_1.0.0.202411081344/tools/bin/../lib/gcc/arm-none-eabi/13.3.1/../../../../arm-none-eabi/lib/thumb/v7e-m+dp/hard\libc_nano.a(libc_a-puts.o) (__swsetup_r)
C:/ST/STM32CubeIDE_1.19.0/STM32CubeIDE/plugins/com.st.stm32cube.ide.mcu.externaltools.gnu-tools-for-stm32.13.3.rel1.win32_1.0.0.202411081344/tools/bin/../lib/gcc/arm-none-eabi/13.3.1/../../../../arm-none-eabi/lib/thumb/v7e-m+dp/hard\libc_nano.a(libc_a-memset.o)
                              C:/ST/STM32CubeIDE_1.19.0/STM32CubeIDE/plugins/com.st.stm32cube.ide.mcu.externaltools.gnu-tools-for-stm32.13.3.rel1.win32_1.0.0.202411081344/tools/bin/../lib/gcc/arm-none-eabi/13.3.1/../../../../arm-none-eabi/lib/thumb/v7e-m+dp/hard/crt0.o (memset)
[...]
Memory Configuration

Name             Origin             Length             Attributes
ITCMRAM          0x00000000         0x00010000         xrw
RAM              0x20000000         0x00020000         xrw
ROM              0x90000000         0x08000000         xr
*default*        0x00000000         0xffffffff

Linker script and memory map

LOAD C:/ST/STM32CubeIDE_1.19.0/STM32CubeIDE/plugins/com.st.stm32cube.ide.mcu.externaltools.gnu-tools-for-stm32.13.3.rel1.win32_1.0.0.202411081344/tools/bin/../lib/gcc/arm-none-eabi/13.3.1/thumb/v7e-m+dp/hard/crti.o
LOAD C:/ST/STM32CubeIDE_1.19.0/STM32CubeIDE/plugins/com.st.stm32cube.ide.mcu.externaltools.gnu-tools-for-stm32.13.3.rel1.win32_1.0.0.202411081344/tools/bin/../lib/gcc/arm-none-eabi/13.3.1/thumb/v7e-m+dp/hard/crtbegin.o
LOAD C:/ST/STM32CubeIDE_1.19.0/STM32CubeIDE/plugins/com.st.stm32cube.ide.mcu.externaltools.gnu-tools-for-stm32.13.3.rel1.win32_1.0.0.202411081344/tools/bin/../lib/gcc/arm-none-eabi/13.3.1/../../../../arm-none-eabi/lib/thumb/v7e-m+dp/hard/crt0.o
LOAD ./AppLogic/appLogic.o
LOAD ./Application/Startup/startup_stm32h750xbhx.o
LOAD ./Application/User/main.o
LOAD ./Application/User/stm32h7xx_it.o
LOAD ./Application/User/syscalls.o
LOAD ./Application/User/sysmem.o
LOAD ./Display/display.o
LOAD ./Drivers/BSP/Components/ft5336.o
LOAD ./Drivers/BSP/Components/ft5336_reg.o
LOAD ./Drivers/BSP/Components/mt48lc4m32b2.o
LOAD ./Drivers/BSP/STM32H750B-Discovery/stm32h750b_discovery.o
LOAD ./Drivers/BSP/STM32H750B-Discovery/stm32h750b_discovery_bus.o
LOAD ./Drivers/BSP/STM32H750B-Discovery/stm32h750b_discovery_lcd.o
LOAD ./Drivers/BSP/STM32H750B-Discovery/stm32h750b_discovery_sdram.o
LOAD ./Drivers/BSP/STM32H750B-Discovery/stm32h750b_discovery_ts.o
LOAD ./Drivers/CMSIS/system_stm32h7xx.o
LOAD ./Drivers/STM32H7xx_HAL_Driver/stm32h7xx_hal.o
LOAD ./Drivers/STM32H7xx_HAL_Driver/stm32h7xx_hal_adc.o
LOAD ./Drivers/STM32H7xx_HAL_Driver/stm32h7xx_hal_adc_ex.o
LOAD ./Drivers/STM32H7xx_HAL_Driver/stm32h7xx_hal_cortex.o
LOAD ./Drivers/STM32H7xx_HAL_Driver/stm32h7xx_hal_dma.o
LOAD ./Drivers/STM32H7xx_HAL_Driver/stm32h7xx_hal_dma2d.o
LOAD ./Drivers/STM32H7xx_HAL_Driver/stm32h7xx_hal_dma_ex.o
LOAD ./Drivers/STM32H7xx_HAL_Driver/stm32h7xx_hal_flash.o
LOAD ./Drivers/STM32H7xx_HAL_Driver/stm32h7xx_hal_flash_ex.o
LOAD ./Drivers/STM32H7xx_HAL_Driver/stm32h7xx_hal_gpio.o
LOAD ./Drivers/STM32H7xx_HAL_Driver/stm32h7xx_hal_hcd.o
LOAD ./Drivers/STM32H7xx_HAL_Driver/stm32h7xx_hal_hsem.o
LOAD ./Drivers/STM32H7xx_HAL_Driver/stm32h7xx_hal_i2c.o
LOAD ./Drivers/STM32H7xx_HAL_Driver/stm32h7xx_hal_i2c_ex.o
LOAD ./Drivers/STM32H7xx_HAL_Driver/stm32h7xx_hal_ltdc.o
LOAD ./Drivers/STM32H7xx_HAL_Driver/stm32h7xx_hal_mdma.o
LOAD ./Drivers/STM32H7xx_HAL_Driver/stm32h7xx_hal_pwr.o
LOAD ./Drivers/STM32H7xx_HAL_Driver/stm32h7xx_hal_pwr_ex.o
LOAD ./Drivers/STM32H7xx_HAL_Driver/stm32h7xx_hal_rcc.o
LOAD ./Drivers/STM32H7xx_HAL_Driver/stm32h7xx_hal_rcc_ex.o
LOAD ./Drivers/STM32H7xx_HAL_Driver/stm32h7xx_hal_sdram.o
LOAD ./Drivers/STM32H7xx_HAL_Driver/stm32h7xx_hal_tim.o
LOAD ./Drivers/STM32H7xx_HAL_Driver/stm32h7xx_hal_tim_ex.o
LOAD ./Drivers/STM32H7xx_HAL_Driver/stm32h7xx_hal_uart.o
LOAD ./Drivers/STM32H7xx_HAL_Driver/stm32h7xx_hal_uart_ex.o
LOAD ./Drivers/STM32H7xx_HAL_Driver/stm32h7xx_ll_fmc.o
LOAD ./Drivers/STM32H7xx_HAL_Driver/stm32h7xx_ll_usb.o
LOAD ./FK/FlexiKeyboard.o
LOAD ./Utilities/stm32_lcd.o
START GROUP
LOAD C:/ST/STM32CubeIDE_1.19.0/STM32CubeIDE/plugins/com.st.stm32cube.ide.mcu.externaltools.gnu-tools-for-stm32.13.3.rel1.win32_1.0.0.202411081344/tools/bin/../lib/gcc/arm-none-eabi/13.3.1/../../../../arm-none-eabi/lib/thumb/v7e-m+dp/hard\libc_nano.a
LOAD C:/ST/STM32CubeIDE_1.19.0/STM32CubeIDE/plugins/com.st.stm32cube.ide.mcu.externaltools.gnu-tools-for-stm32.13.3.rel1.win32_1.0.0.202411081344/tools/bin/../lib/gcc/arm-none-eabi/13.3.1/../../../../arm-none-eabi/lib/thumb/v7e-m+dp/hard\libm.a
END GROUP
START GROUP
LOAD C:/ST/STM32CubeIDE_1.19.0/STM32CubeIDE/plugins/com.st.stm32cube.ide.mcu.externaltools.gnu-tools-for-stm32.13.3.rel1.win32_1.0.0.202411081344/tools/bin/../lib/gcc/arm-none-eabi/13.3.1/thumb/v7e-m+dp/hard\libgcc.a
LOAD C:/ST/STM32CubeIDE_1.19.0/STM32CubeIDE/plugins/com.st.stm32cube.ide.mcu.externaltools.gnu-tools-for-stm32.13.3.rel1.win32_1.0.0.202411081344/tools/bin/../lib/gcc/arm-none-eabi/13.3.1/../../../../arm-none-eabi/lib/thumb/v7e-m+dp/hard\libc_nano.a
END GROUP
START GROUP
LOAD C:/ST/STM32CubeIDE_1.19.0/STM32CubeIDE/plugins/com.st.stm32cube.ide.mcu.externaltools.gnu-tools-for-stm32.13.3.rel1.win32_1.0.0.202411081344/tools/bin/../lib/gcc/arm-none-eabi/13.3.1/thumb/v7e-m+dp/hard\libgcc.a
LOAD C:/ST/STM32CubeIDE_1.19.0/STM32CubeIDE/plugins/com.st.stm32cube.ide.mcu.externaltools.gnu-tools-for-stm32.13.3.rel1.win32_1.0.0.202411081344/tools/bin/../lib/gcc/arm-none-eabi/13.3.1/../../../../arm-none-eabi/lib/thumb/v7e-m+dp/hard\libc_nano.a
LOAD C:/ST/STM32CubeIDE_1.19.0/STM32CubeIDE/plugins/com.st.stm32cube.ide.mcu.externaltools.gnu-tools-for-stm32.13.3.rel1.win32_1.0.0.202411081344/tools/bin/../lib/gcc/arm-none-eabi/13.3.1/../../../../arm-none-eabi/lib/thumb/v7e-m+dp/hard\libnosys.a
END GROUP
START GROUP
LOAD C:/ST/STM32CubeIDE_1.19.0/STM32CubeIDE/plugins/com.st.stm32cube.ide.mcu.externaltools.gnu-tools-for-stm32.13.3.rel1.win32_1.0.0.202411081344/tools/bin/../lib/gcc/arm-none-eabi/13.3.1/thumb/v7e-m+dp/hard\libgcc.a
LOAD C:/ST/STM32CubeIDE_1.19.0/STM32CubeIDE/plugins/com.st.stm32cube.ide.mcu.externaltools.gnu-tools-for-stm32.13.3.rel1.win32_1.0.0.202411081344/tools/bin/../lib/gcc/arm-none-eabi/13.3.1/../../../../arm-none-eabi/lib/thumb/v7e-m+dp/hard\libc_nano.a
LOAD C:/ST/STM32CubeIDE_1.19.0/STM32CubeIDE/plugins/com.st.stm32cube.ide.mcu.externaltools.gnu-tools-for-stm32.13.3.rel1.win32_1.0.0.202411081344/tools/bin/../lib/gcc/arm-none-eabi/13.3.1/../../../../arm-none-eabi/lib/thumb/v7e-m+dp/hard\libnosys.a
END GROUP
LOAD C:/ST/STM32CubeIDE_1.19.0/STM32CubeIDE/plugins/com.st.stm32cube.ide.mcu.externaltools.gnu-tools-for-stm32.13.3.rel1.win32_1.0.0.202411081344/tools/bin/../lib/gcc/arm-none-eabi/13.3.1/thumb/v7e-m+dp/hard/crtend.o
LOAD C:/ST/STM32CubeIDE_1.19.0/STM32CubeIDE/plugins/com.st.stm32cube.ide.mcu.externaltools.gnu-tools-for-stm32.13.3.rel1.win32_1.0.0.202411081344/tools/bin/../lib/gcc/arm-none-eabi/13.3.1/thumb/v7e-m+dp/hard/crtn.o
                0x20020000                        _estack = (ORIGIN (RAM) + LENGTH (RAM))
                0x00000400                        _Min_Heap_Size = 0x400
                0x00001000                        _Min_Stack_Size = 0x1000

.isr_vector     0x90000000      0x298
                0x90000000                        . = ALIGN (0x4)
 *(.isr_vector)
 .isr_vector    0x90000000      0x298 ./Application/Startup/startup_stm32h750xbhx.o
                0x90000000                g_pfnVectors
                0x90000298                        . = ALIGN (0x4)

.text           0x900002a0     0xbc98
                0x900002a0                        . = ALIGN (0x4)
 *(.text)
 .text          0x900002a0       0x40 C:/ST/STM32CubeIDE_1.19.0/STM32CubeIDE/plugins/com.st.stm32cube.ide.mcu.externaltools.gnu-tools-for-stm32.13.3.rel1.win32_1.0.0.202411081344/tools/bin/../lib/gcc/arm-none-eabi/13.3.1/thumb/v7e-m+dp/hard/crtbegin.o
 .text          0x900002e0       0x10 C:/ST/STM32CubeIDE_1.19.0/STM32CubeIDE/plugins/com.st.stm32cube.ide.mcu.externaltools.gnu-tools-for-stm32.13.3.rel1.win32_1.0.0.202411081344/tools/bin/../lib/gcc/arm-none-eabi/13.3.1/../../../../arm-none-eabi/lib/thumb/v7e-m+dp/hard\libc_nano.a(libc_a-strlen.o)
                0x900002e0                strlen
 .text          0x900002f0       0xa0 C:/ST/STM32CubeIDE_1.19.0/STM32CubeIDE/plugins/com.st.stm32cube.ide.mcu.externaltools.gnu-tools-for-stm32.13.3.rel1.win32_1.0.0.202411081344/tools/bin/../lib/gcc/arm-none-eabi/13.3.1/../../../../arm-none-eabi/lib/thumb/v7e-m+dp/hard\libc_nano.a(libc_a-memchr.o)
                0x900002f0                memchr
 .text          0x90000390       0x30 C:/ST/STM32CubeIDE_1.19.0/STM32CubeIDE/plugins/com.st.stm32cube.ide.mcu.externaltools.gnu-tools-for-stm32.13.3.rel1.win32_1.0.0.202411081344/tools/bin/../lib/gcc/arm-none-eabi/13.3.1/thumb/v7e-m+dp/hard\libgcc.a(_aeabi_uldivmod.o)
                0x90000390                __aeabi_uldivmod
 .text          0x900003c0      0x2f8 C:/ST/STM32CubeIDE_1.19.0/STM32CubeIDE/plugins/com.st.stm32cube.ide.mcu.externaltools.gnu-tools-for-stm32.13.3.rel1.win32_1.0.0.202411081344/tools/bin/../lib/gcc/arm-none-eabi/13.3.1/thumb/v7e-m+dp/hard\libgcc.a(_udivmoddi4.o)
                0x900003c0                __udivmoddi4
 .text          0x900006b8        0x4 C:/ST/STM32CubeIDE_1.19.0/STM32CubeIDE/plugins/com.st.stm32cube.ide.mcu.externaltools.gnu-tools-for-stm32.13.3.rel1.win32_1.0.0.202411081344/tools/bin/../lib/gcc/arm-none-eabi/13.3.1/thumb/v7e-m+dp/hard\libgcc.a(_dvmd_tls.o)
                0x900006b8                __aeabi_idiv0
                0x900006b8                __aeabi_ldiv0
 *(.text*)
 .text.clearInput
                0x900006bc       0x1a ./AppLogic/appLogic.o
                0x900006bc                clearInput
 .text.clearVoltage
                0x900006d6       0x20 ./AppLogic/appLogic.o
                0x900006d6                clearVoltage
 *fill*         0x900006f6        0x2 
 .text.backspace
                0x900006f8       0x2c ./AppLogic/appLogic.o
                0x900006f8                backspace
 .text.stopPWM  0x90000724       0x1c ./AppLogic/appLogic.o
                0x90000724                stopPWM
 .text.startPWM
                0x90000740       0x28 ./AppLogic/appLogic.o
                0x90000740                startPWM
 .text.setSTATE_F3
                0x90000768       0x1a ./AppLogic/appLogic.o
                0x90000768                setSTATE_F3
 .text.setSTATE_F2
                0x90000782       0x1a ./AppLogic/appLogic.o
                0x90000782                setSTATE_F2
 .text.setSTATE_F1
                0x9000079c       0x1a ./AppLogic/appLogic.o
                0x9000079c                setSTATE_F1
 *fill*         0x900007b6        0x2 
 .text.validateAndSetVoltage
                0x900007b8       0x64 ./AppLogic/appLogic.o
                0x900007b8                validateAndSetVoltage
 .text.updateInput
                0x9000081c       0x58 ./AppLogic/appLogic.o
                0x9000081c                updateInput
 .text.handle_event
                0x90000874      0x144 ./AppLogic/appLogic.o
                0x90000874                handle_event
 .text.InitializeAppContext
                0x900009b8       0x32 ./AppLogic/appLogic.o
                0x900009b8                InitializeAppContext
 *fill*         0x900009ea        0x2 
 .text.Reset_Handler
                0x900009ec       0x54 ./Application/Startup/startup_stm32h750xbhx.o
                0x900009ec                Reset_Handler
 .text.Default_Handler
                0x90000a40        0x2 ./Application/Startup/startup_stm32h750xbhx.o
                0x90000a40                RTC_Alarm_IRQHandler
                0x90000a40                HASH_RNG_IRQHandler
                0x90000a40                EXTI2_IRQHandler
                0x90000a40                TIM8_CC_IRQHandler
                0x90000a40                HRTIM1_Master_IRQHandler
                0x90000a40                UART8_IRQHandler
                0x90000a40                SPI4_IRQHandler
                0x90000a40                TIM1_CC_IRQHandler
                0x90000a40                BDMA_Channel6_IRQHandler
                0x90000a40                DMA2_Stream5_IRQHandler
                0x90000a40                HRTIM1_FLT_IRQHandler
                0x90000a40                JPEG_IRQHandler
                0x90000a40                DMA1_Stream5_IRQHandler
                0x90000a40                BDMA_Channel1_IRQHandler
                0x90000a40                HRTIM1_TIMD_IRQHandler
                0x90000a40                TAMP_STAMP_IRQHandler
                0x90000a40                EXTI3_IRQHandler
                0x90000a40                LPTIM4_IRQHandler
                0x90000a40                TIM8_TRG_COM_TIM14_IRQHandler
                0x90000a40                LPTIM2_IRQHandler
                0x90000a40                DFSDM1_FLT1_IRQHandler
                0x90000a40                DMAMUX2_OVR_IRQHandler
                0x90000a40                TIM8_UP_TIM13_IRQHandler
                0x90000a40                I2C3_ER_IRQHandler
                0x90000a40                DFSDM1_FLT2_IRQHandler
                0x90000a40                MDMA_IRQHandler
                0x90000a40                LPTIM3_IRQHandler
                0x90000a40                HSEM1_IRQHandler
                0x90000a40                EXTI0_IRQHandler
                0x90000a40                I2C2_EV_IRQHandler
                0x90000a40                DMA1_Stream2_IRQHandler
                0x90000a40                FPU_IRQHandler
                0x90000a40                OTG_HS_WKUP_IRQHandler
                0x90000a40                FDCAN1_IT1_IRQHandler
                0x90000a40                LTDC_ER_IRQHandler
                0x90000a40                DMA2_Stream2_IRQHandler
                0x90000a40                HRTIM1_TIME_IRQHandler
                0x90000a40                SPI1_IRQHandler
                0x90000a40                TIM6_DAC_IRQHandler
                0x90000a40                DCMI_IRQHandler
                0x90000a40                HRTIM1_TIMC_IRQHandler
                0x90000a40                DMA2_Stream3_IRQHandler
                0x90000a40                SAI2_IRQHandler
                0x90000a40                DFSDM1_FLT3_IRQHandler
                0x90000a40                USART6_IRQHandler
                0x90000a40                TIM17_IRQHandler
                0x90000a40                USART3_IRQHandler
                0x90000a40                BDMA_Channel7_IRQHandler
                0x90000a40                CRYP_IRQHandler
                0x90000a40                LPTIM5_IRQHandler
                0x90000a40                UART5_IRQHandler
                0x90000a40                ADC3_IRQHandler
                0x90000a40                DMA2_Stream0_IRQHandler
                0x90000a40                TIM4_IRQHandler
                0x90000a40                BDMA_Channel2_IRQHandler
                0x90000a40                QUADSPI_IRQHandler
                0x90000a40                I2C1_EV_IRQHandler
                0x90000a40                DMA1_Stream6_IRQHandler
                0x90000a40                DMAMUX1_OVR_IRQHandler
                0x90000a40                DMA1_Stream1_IRQHandler
                0x90000a40                TIM16_IRQHandler
                0x90000a40                UART4_IRQHandler
                0x90000a40                BDMA_Channel5_IRQHandler
                0x90000a40                TIM3_IRQHandler
                0x90000a40                RCC_IRQHandler
                0x90000a40                TIM8_BRK_TIM12_IRQHandler
                0x90000a40                TIM1_TRG_COM_IRQHandler
                0x90000a40                Default_Handler
                0x90000a40                ECC_IRQHandler
                0x90000a40                CEC_IRQHandler
                0x90000a40                EXTI15_10_IRQHandler
                0x90000a40                BDMA_Channel0_IRQHandler
                0x90000a40                ADC_IRQHandler
                0x90000a40                DMA1_Stream7_IRQHandler
                0x90000a40                HRTIM1_TIMA_IRQHandler
                0x90000a40                SPI5_IRQHandler
                0x90000a40                TIM7_IRQHandler
                0x90000a40                SDMMC1_IRQHandler
                0x90000a40                TIM5_IRQHandler
                0x90000a40                DMA2_Stream7_IRQHandler
                0x90000a40                TIM15_IRQHandler
                0x90000a40                PVD_AVD_IRQHandler
                0x90000a40                I2C3_EV_IRQHandler
                0x90000a40                EXTI9_5_IRQHandler
                0x90000a40                RTC_WKUP_IRQHandler
                0x90000a40                LTDC_IRQHandler
                0x90000a40                SAI3_IRQHandler
                0x90000a40                ETH_WKUP_IRQHandler
                0x90000a40                SPDIF_RX_IRQHandler
                0x90000a40                SPI2_IRQHandler
                0x90000a40                OTG_HS_EP1_IN_IRQHandler
                0x90000a40                DMA1_Stream0_IRQHandler
                0x90000a40                CRS_IRQHandler
                0x90000a40                EXTI4_IRQHandler
                0x90000a40                HRTIM1_TIMB_IRQHandler
                0x90000a40                FDCAN2_IT1_IRQHandler
                0x90000a40                ETH_IRQHandler
                0x90000a40                TIM1_UP_IRQHandler
                0x90000a40                BDMA_Channel4_IRQHandler
                0x90000a40                OTG_HS_EP1_OUT_IRQHandler
                0x90000a40                WWDG_IRQHandler
                0x90000a40                SPI6_IRQHandler
                0x90000a40                MDIOS_IRQHandler
                0x90000a40                I2C4_EV_IRQHandler
                0x90000a40                FDCAN2_IT0_IRQHandler
                0x90000a40                LPUART1_IRQHandler
                0x90000a40                FDCAN1_IT0_IRQHandler
                0x90000a40                TIM2_IRQHandler
                0x90000a40                OTG_FS_WKUP_IRQHandler
                0x90000a40                OTG_HS_IRQHandler
                0x90000a40                DMA2D_IRQHandler
                0x90000a40                TIM1_BRK_IRQHandler
                0x90000a40                EXTI1_IRQHandler
                0x90000a40                SDMMC2_IRQHandler
                0x90000a40                OTG_FS_EP1_OUT_IRQHandler
                0x90000a40                BDMA_Channel3_IRQHandler
                0x90000a40                UART7_IRQHandler
                0x90000a40                MDIOS_WKUP_IRQHandler
                0x90000a40                USART2_IRQHandler
                0x90000a40                DFSDM1_FLT0_IRQHandler
                0x90000a40                SAI4_IRQHandler
                0x90000a40                I2C2_ER_IRQHandler
                0x90000a40                DMA2_Stream1_IRQHandler
                0x90000a40                FLASH_IRQHandler
                0x90000a40                DMA2_Stream4_IRQHandler
                0x90000a40                USART1_IRQHandler
                0x90000a40                OTG_FS_IRQHandler
                0x90000a40                SPI3_IRQHandler
                0x90000a40                WAKEUP_PIN_IRQHandler
                0x90000a40                DMA1_Stream4_IRQHandler
                0x90000a40                OTG_FS_EP1_IN_IRQHandler
                0x90000a40                I2C1_ER_IRQHandler
                0x90000a40                FMC_IRQHandler
                0x90000a40                FDCAN_CAL_IRQHandler
                0x90000a40                SWPMI1_IRQHandler
                0x90000a40                COMP1_IRQHandler
                0x90000a40                LPTIM1_IRQHandler
                0x90000a40                I2C4_ER_IRQHandler
                0x90000a40                DMA2_Stream6_IRQHandler
                0x90000a40                SAI1_IRQHandler
                0x90000a40                DMA1_Stream3_IRQHandler
 *fill*         0x90000a42        0x2 
 .text.main     0x90000a44       0x88 ./Application/User/main.o
                0x90000a44                main
 .text.MX_TIM8_PWM_Init
                0x90000acc      0x120 ./Application/User/main.o
                0x90000acc                MX_TIM8_PWM_Init
 .text.TIM8_Start
                0x90000bec       0x44 ./Application/User/main.o
                0x90000bec                TIM8_Start
 .text.TIM8_Stop
                0x90000c30       0x14 ./Application/User/main.o
                0x90000c30                TIM8_Stop
 .text.__io_putchar
                0x90000c44       0x30 ./Application/User/main.o
                0x90000c44                __io_putchar
 .text.MX_USART3_UART_Init
                0x90000c74       0x98 ./Application/User/main.o
 .text.HAL_UART_MspInit
                0x90000d0c       0xd4 ./Application/User/main.o
                0x90000d0c                HAL_UART_MspInit
 .text.Error_Handler
                0x90000de0        0x8 ./Application/User/main.o
 .text.SystemClock_Config
                0x90000de8      0x208 ./Application/User/main.o
 .text.CPU_CACHE_Enable
                0x90000ff0       0xdc ./Application/User/main.o
 .text.MX_LTDC_ClockConfig
                0x900010cc       0x48 ./Application/User/main.o
                0x900010cc                MX_LTDC_ClockConfig
 .text.MPU_Config
                0x90001114       0x4e ./Application/User/main.o
 .text.NMI_Handler
                0x90001162        0xe ./Application/User/stm32h7xx_it.o
                0x90001162                NMI_Handler
 .text.HardFault_Handler
                0x90001170        0x8 ./Application/User/stm32h7xx_it.o
                0x90001170                HardFault_Handler
 .text.MemManage_Handler
                0x90001178        0x8 ./Application/User/stm32h7xx_it.o
                0x90001178                MemManage_Handler
 .text.BusFault_Handler
                0x90001180        0x8 ./Application/User/stm32h7xx_it.o
                0x90001180                BusFault_Handler
 .text.UsageFault_Handler
                0x90001188        0x8 ./Application/User/stm32h7xx_it.o
                0x90001188                UsageFault_Handler
 .text.SVC_Handler
                0x90001190        0xe ./Application/User/stm32h7xx_it.o
                0x90001190                SVC_Handler
 .text.DebugMon_Handler
                0x9000119e        0xe ./Application/User/stm32h7xx_it.o
                0x9000119e                DebugMon_Handler
 .text.PendSV_Handler
                0x900011ac        0xe ./Application/User/stm32h7xx_it.o
                0x900011ac                PendSV_Handler
 .text.SysTick_Handler
                0x900011ba        0xc ./Application/User/stm32h7xx_it.o
                0x900011ba                SysTick_Handler
 .text._read    0x900011c6       0x3a ./Application/User/syscalls.o
                0x900011c6                _read
 .text._write   0x90001200       0x38 ./Application/User/syscalls.o
                0x90001200                _write
 .text._close   0x90001238       0x18 ./Application/User/syscalls.o
                0x90001238                _close
 .text._fstat   0x90001250       0x20 ./Application/User/syscalls.o
                0x90001250                _fstat
 .text._isatty  0x90001270       0x16 ./Application/User/syscalls.o
                0x90001270                _isatty
 .text._lseek   0x90001286       0x1a ./Application/User/syscalls.o
                0x90001286                _lseek
 .text._sbrk    0x900012a0       0x6c ./Application/User/sysmem.o
                0x900012a0                _sbrk
 .text.ClearCache
                0x9000130c       0x68 ./Display/display.o
                0x9000130c                ClearCache
 .text.InitializeLcd
                0x90001374       0x5c ./Display/display.o
                0x90001374                InitializeLcd
 .text.uartSetCursorPosition
                0x900013d0       0x20 ./Display/display.o
                0x900013d0                uartSetCursorPosition
 .text.UartClearScreen
                0x900013f0       0x1c ./Display/display.o
                0x900013f0                UartClearScreen
 .text.UartRenderState
                0x9000140c       0xb4 ./Display/display.o
                0x9000140c                UartRenderState
 .text.displayPaddedLine
                0x900014c0       0x54 ./Display/display.o
                0x900014c0                displayPaddedLine
 .text.DisplayRenderState
                0x90001514      0x178 ./Display/display.o
                0x90001514                DisplayRenderState
 .text.FT5336_RegisterBusIO
                0x9000168c       0x84 ./Drivers/BSP/Components/ft5336.o
                0x9000168c                FT5336_RegisterBusIO
 .text.FT5336_ReadID
                0x90001710       0x20 ./Drivers/BSP/Components/ft5336.o
                0x90001710                FT5336_ReadID
 .text.ReadRegWrap
                0x90001730       0x34 ./Drivers/BSP/Components/ft5336.o
 .text.WriteRegWrap
                0x90001764       0x34 ./Drivers/BSP/Components/ft5336.o
 .text.ft5336_read_reg
                0x90001798       0x2e ./Drivers/BSP/Components/ft5336_reg.o
                0x90001798                ft5336_read_reg
 .text.ft5336_chip_id
                0x900017c6       0x38 ./Drivers/BSP/Components/ft5336_reg.o
                0x900017c6                ft5336_chip_id
 .text.MT48LC4M32B2_Init
                0x900017fe       0x7e ./Drivers/BSP/Components/mt48lc4m32b2.o
                0x900017fe                MT48LC4M32B2_Init
 .text.MT48LC4M32B2_ClockEnable
                0x9000187c       0x48 ./Drivers/BSP/Components/mt48lc4m32b2.o
                0x9000187c                MT48LC4M32B2_ClockEnable
 .text.MT48LC4M32B2_Precharge
                0x900018c4       0x48 ./Drivers/BSP/Components/mt48lc4m32b2.o
                0x900018c4                MT48LC4M32B2_Precharge
 .text.MT48LC4M32B2_ModeRegConfig
                0x9000190c       0x68 ./Drivers/BSP/Components/mt48lc4m32b2.o
                0x9000190c                MT48LC4M32B2_ModeRegConfig
 .text.MT48LC4M32B2_RefreshMode
                0x90001974       0x4c ./Drivers/BSP/Components/mt48lc4m32b2.o
                0x90001974                MT48LC4M32B2_RefreshMode
 .text.MT48LC4M32B2_RefreshRate
                0x900019c0       0x28 ./Drivers/BSP/Components/mt48lc4m32b2.o
                0x900019c0                MT48LC4M32B2_RefreshRate
 .text.MT48LC4M32B2_Delay
                0x900019e8       0x2a ./Drivers/BSP/Components/mt48lc4m32b2.o
 *fill*         0x90001a12        0x2 
 .text.BSP_I2C4_Init
                0x90001a14       0x74 ./Drivers/BSP/STM32H750B-Discovery/stm32h750b_discovery_bus.o
                0x90001a14                BSP_I2C4_Init
 .text.MX_I2C4_Init
                0x90001a88       0x84 ./Drivers/BSP/STM32H750B-Discovery/stm32h750b_discovery_bus.o
                0x90001a88                MX_I2C4_Init
 .text.BSP_I2C4_ReadReg
                0x90001b0c       0x5c ./Drivers/BSP/STM32H750B-Discovery/stm32h750b_discovery_bus.o
                0x90001b0c                BSP_I2C4_ReadReg
 .text.I2C_GetTiming
                0x90001b68      0x100 ./Drivers/BSP/STM32H750B-Discovery/stm32h750b_discovery_bus.o
 .text.I2C_Compute_PRESC_SCLDEL_SDADEL
                0x90001c68      0x1dc ./Drivers/BSP/STM32H750B-Discovery/stm32h750b_discovery_bus.o
 .text.I2C_Compute_SCLL_SCLH
                0x90001e44      0x210 ./Drivers/BSP/STM32H750B-Discovery/stm32h750b_discovery_bus.o
 .text.I2C4_MspInit
                0x90002054       0xd8 ./Drivers/BSP/STM32H750B-Discovery/stm32h750b_discovery_bus.o
 .text.I2C4_ReadReg
                0x9000212c       0x4c ./Drivers/BSP/STM32H750B-Discovery/stm32h750b_discovery_bus.o
 .text.BSP_LCD_Init
                0x90002178       0x28 ./Drivers/BSP/STM32H750B-Discovery/stm32h750b_discovery_lcd.o
                0x90002178                BSP_LCD_Init
 .text.BSP_LCD_InitEx
                0x900021a0      0x1b4 ./Drivers/BSP/STM32H750B-Discovery/stm32h750b_discovery_lcd.o
                0x900021a0                BSP_LCD_InitEx
 .text.MX_LTDC_Init
                0x90002354       0x98 ./Drivers/BSP/STM32H750B-Discovery/stm32h750b_discovery_lcd.o
                0x90002354                MX_LTDC_Init
 .text.MX_LTDC_ConfigLayer
                0x900023ec       0x84 ./Drivers/BSP/STM32H750B-Discovery/stm32h750b_discovery_lcd.o
                0x900023ec                MX_LTDC_ConfigLayer
 .text.BSP_LCD_GetPixelFormat
                0x90002470       0x40 ./Drivers/BSP/STM32H750B-Discovery/stm32h750b_discovery_lcd.o
                0x90002470                BSP_LCD_GetPixelFormat
 .text.BSP_LCD_SetActiveLayer
                0x900024b0       0x3c ./Drivers/BSP/STM32H750B-Discovery/stm32h750b_discovery_lcd.o
                0x900024b0                BSP_LCD_SetActiveLayer
 .text.BSP_LCD_GetXSize
                0x900024ec       0x3c ./Drivers/BSP/STM32H750B-Discovery/stm32h750b_discovery_lcd.o
                0x900024ec                BSP_LCD_GetXSize
 .text.BSP_LCD_GetYSize
                0x90002528       0x40 ./Drivers/BSP/STM32H750B-Discovery/stm32h750b_discovery_lcd.o
                0x90002528                BSP_LCD_GetYSize
 .text.BSP_LCD_DrawBitmap
                0x90002568      0x184 ./Drivers/BSP/STM32H750B-Discovery/stm32h750b_discovery_lcd.o
                0x90002568                BSP_LCD_DrawBitmap
 .text.BSP_LCD_FillRGBRect
                0x900026ec       0x94 ./Drivers/BSP/STM32H750B-Discovery/stm32h750b_discovery_lcd.o
                0x900026ec                BSP_LCD_FillRGBRect
 .text.BSP_LCD_DrawHLine
                0x90002780       0x9c ./Drivers/BSP/STM32H750B-Discovery/stm32h750b_discovery_lcd.o
                0x90002780                BSP_LCD_DrawHLine
 .text.BSP_LCD_DrawVLine
                0x9000281c       0xa8 ./Drivers/BSP/STM32H750B-Discovery/stm32h750b_discovery_lcd.o
                0x9000281c                BSP_LCD_DrawVLine
 .text.BSP_LCD_FillRect
                0x900028c4       0x84 ./Drivers/BSP/STM32H750B-Discovery/stm32h750b_discovery_lcd.o
                0x900028c4                BSP_LCD_FillRect
 .text.BSP_LCD_ReadPixel
                0x90002948       0xb8 ./Drivers/BSP/STM32H750B-Discovery/stm32h750b_discovery_lcd.o
                0x90002948                BSP_LCD_ReadPixel
 .text.BSP_LCD_WritePixel
                0x90002a00       0xb4 ./Drivers/BSP/STM32H750B-Discovery/stm32h750b_discovery_lcd.o
                0x90002a00                BSP_LCD_WritePixel
 .text.LL_FillBuffer
                0x90002ab4       0xd4 ./Drivers/BSP/STM32H750B-Discovery/stm32h750b_discovery_lcd.o
 .text.LL_ConvertLineToRGB
                0x90002b88       0xa8 ./Drivers/BSP/STM32H750B-Discovery/stm32h750b_discovery_lcd.o
 .text.LTDC_MspInit
                0x90002c30      0x198 ./Drivers/BSP/STM32H750B-Discovery/stm32h750b_discovery_lcd.o
 .text.DMA2D_MspInit
                0x90002dc8       0x5c ./Drivers/BSP/STM32H750B-Discovery/stm32h750b_discovery_lcd.o
 .text.TIMx_PWM_MspInit
                0x90002e24       0x74 ./Drivers/BSP/STM32H750B-Discovery/stm32h750b_discovery_lcd.o
 .text.TIMx_PWM_Init
                0x90002e98       0x54 ./Drivers/BSP/STM32H750B-Discovery/stm32h750b_discovery_lcd.o
 .text.BSP_SDRAM_Init
                0x90002eec       0xb8 ./Drivers/BSP/STM32H750B-Discovery/stm32h750b_discovery_sdram.o
                0x90002eec                BSP_SDRAM_Init
 .text.MX_SDRAM_BANK2_Init
                0x90002fa4       0x98 ./Drivers/BSP/STM32H750B-Discovery/stm32h750b_discovery_sdram.o
                0x90002fa4                MX_SDRAM_BANK2_Init
 .text.SDRAM_MspInit
                0x9000303c      0x1fc ./Drivers/BSP/STM32H750B-Discovery/stm32h750b_discovery_sdram.o
 .text.SystemInit
                0x90003238       0xc4 ./Drivers/CMSIS/system_stm32h7xx.o
                0x90003238                SystemInit
 .text.ExitRun0Mode
                0x900032fc       0x30 ./Drivers/CMSIS/system_stm32h7xx.o
                0x900032fc                ExitRun0Mode
 .text.HAL_Init
                0x9000332c       0x78 ./Drivers/STM32H7xx_HAL_Driver/stm32h7xx_hal.o
                0x9000332c                HAL_Init
 .text.HAL_MspInit
                0x900033a4        0xe ./Drivers/STM32H7xx_HAL_Driver/stm32h7xx_hal.o
                0x900033a4                HAL_MspInit
 *fill*         0x900033b2        0x2 
 .text.HAL_InitTick
                0x900033b4       0x6c ./Drivers/STM32H7xx_HAL_Driver/stm32h7xx_hal.o
                0x900033b4                HAL_InitTick
 .text.HAL_IncTick
                0x90003420       0x28 ./Drivers/STM32H7xx_HAL_Driver/stm32h7xx_hal.o
                0x90003420                HAL_IncTick
 .text.HAL_GetTick
                0x90003448       0x18 ./Drivers/STM32H7xx_HAL_Driver/stm32h7xx_hal.o
                0x90003448                HAL_GetTick
 .text.HAL_Delay
                0x90003460       0x48 ./Drivers/STM32H7xx_HAL_Driver/stm32h7xx_hal.o
                0x90003460                HAL_Delay
 .text.HAL_GetREVID
                0x900034a8       0x18 ./Drivers/STM32H7xx_HAL_Driver/stm32h7xx_hal.o
                0x900034a8                HAL_GetREVID
 .text.HAL_EnableCompensationCell
                0x900034c0       0x20 ./Drivers/STM32H7xx_HAL_Driver/stm32h7xx_hal.o
                0x900034c0                HAL_EnableCompensationCell
 .text.__NVIC_SetPriorityGrouping
                0x900034e0       0x48 ./Drivers/STM32H7xx_HAL_Driver/stm32h7xx_hal_cortex.o
 .text.__NVIC_GetPriorityGrouping
                0x90003528       0x1c ./Drivers/STM32H7xx_HAL_Driver/stm32h7xx_hal_cortex.o
 .text.__NVIC_EnableIRQ
                0x90003544       0x3c ./Drivers/STM32H7xx_HAL_Driver/stm32h7xx_hal_cortex.o
 .text.__NVIC_SetPriority
                0x90003580       0x54 ./Drivers/STM32H7xx_HAL_Driver/stm32h7xx_hal_cortex.o
 .text.NVIC_EncodePriority
                0x900035d4       0x66 ./Drivers/STM32H7xx_HAL_Driver/stm32h7xx_hal_cortex.o
 *fill*         0x9000363a        0x2 
 .text.SysTick_Config
                0x9000363c       0x44 ./Drivers/STM32H7xx_HAL_Driver/stm32h7xx_hal_cortex.o
 .text.HAL_NVIC_SetPriorityGrouping
                0x90003680       0x16 ./Drivers/STM32H7xx_HAL_Driver/stm32h7xx_hal_cortex.o
                0x90003680                HAL_NVIC_SetPriorityGrouping
 .text.HAL_NVIC_SetPriority
                0x90003696       0x34 ./Drivers/STM32H7xx_HAL_Driver/stm32h7xx_hal_cortex.o
                0x90003696                HAL_NVIC_SetPriority
 .text.HAL_NVIC_EnableIRQ
                0x900036ca       0x1c ./Drivers/STM32H7xx_HAL_Driver/stm32h7xx_hal_cortex.o
                0x900036ca                HAL_NVIC_EnableIRQ
 .text.HAL_SYSTICK_Config
                0x900036e6       0x18 ./Drivers/STM32H7xx_HAL_Driver/stm32h7xx_hal_cortex.o
                0x900036e6                HAL_SYSTICK_Config
 *fill*         0x900036fe        0x2 
 .text.HAL_MPU_Disable
                0x90003700       0x30 ./Drivers/STM32H7xx_HAL_Driver/stm32h7xx_hal_cortex.o
                0x90003700                HAL_MPU_Disable
 .text.HAL_MPU_Enable
                0x90003730       0x40 ./Drivers/STM32H7xx_HAL_Driver/stm32h7xx_hal_cortex.o
                0x90003730                HAL_MPU_Enable
 .text.HAL_MPU_ConfigRegion
                0x90003770       0x80 ./Drivers/STM32H7xx_HAL_Driver/stm32h7xx_hal_cortex.o
                0x90003770                HAL_MPU_ConfigRegion
 .text.HAL_DMA2D_Init
                0x900037f0       0xc8 ./Drivers/STM32H7xx_HAL_Driver/stm32h7xx_hal_dma2d.o
                0x900037f0                HAL_DMA2D_Init
 .text.HAL_DMA2D_MspInit
                0x900038b8       0x14 ./Drivers/STM32H7xx_HAL_Driver/stm32h7xx_hal_dma2d.o
                0x900038b8                HAL_DMA2D_MspInit
 .text.HAL_DMA2D_Start
                0x900038cc       0x56 ./Drivers/STM32H7xx_HAL_Driver/stm32h7xx_hal_dma2d.o
                0x900038cc                HAL_DMA2D_Start
 .text.HAL_DMA2D_PollForTransfer
                0x90003922      0x1d2 ./Drivers/STM32H7xx_HAL_Driver/stm32h7xx_hal_dma2d.o
                0x90003922                HAL_DMA2D_PollForTransfer
 .text.HAL_DMA2D_ConfigLayer
                0x90003af4      0x15c ./Drivers/STM32H7xx_HAL_Driver/stm32h7xx_hal_dma2d.o
                0x90003af4                HAL_DMA2D_ConfigLayer
 .text.DMA2D_SetConfig
                0x90003c50      0x14c ./Drivers/STM32H7xx_HAL_Driver/stm32h7xx_hal_dma2d.o
 .text.HAL_GPIO_Init
                0x90003d9c      0x360 ./Drivers/STM32H7xx_HAL_Driver/stm32h7xx_hal_gpio.o
                0x90003d9c                HAL_GPIO_Init
 .text.HAL_GPIO_ReadPin
                0x900040fc       0x30 ./Drivers/STM32H7xx_HAL_Driver/stm32h7xx_hal_gpio.o
                0x900040fc                HAL_GPIO_ReadPin
 .text.HAL_GPIO_WritePin
                0x9000412c       0x32 ./Drivers/STM32H7xx_HAL_Driver/stm32h7xx_hal_gpio.o
                0x9000412c                HAL_GPIO_WritePin
 *fill*         0x9000415e        0x2 
 .text.HAL_I2C_Init
                0x90004160      0x138 ./Drivers/STM32H7xx_HAL_Driver/stm32h7xx_hal_i2c.o
                0x90004160                HAL_I2C_Init
 .text.HAL_I2C_MspInit
                0x90004298       0x14 ./Drivers/STM32H7xx_HAL_Driver/stm32h7xx_hal_i2c.o
                0x90004298                HAL_I2C_MspInit
 .text.HAL_I2C_Mem_Read
                0x900042ac      0x234 ./Drivers/STM32H7xx_HAL_Driver/stm32h7xx_hal_i2c.o
                0x900042ac                HAL_I2C_Mem_Read
 .text.HAL_I2C_GetState
                0x900044e0       0x1c ./Drivers/STM32H7xx_HAL_Driver/stm32h7xx_hal_i2c.o
                0x900044e0                HAL_I2C_GetState
 .text.HAL_I2C_GetError
                0x900044fc       0x18 ./Drivers/STM32H7xx_HAL_Driver/stm32h7xx_hal_i2c.o
                0x900044fc                HAL_I2C_GetError
 .text.I2C_RequestMemoryRead
                0x90004514       0xa8 ./Drivers/STM32H7xx_HAL_Driver/stm32h7xx_hal_i2c.o
 .text.I2C_Flush_TXDR
                0x900045bc       0x48 ./Drivers/STM32H7xx_HAL_Driver/stm32h7xx_hal_i2c.o
 .text.I2C_WaitOnFlagUntilTimeout
                0x90004604       0xb2 ./Drivers/STM32H7xx_HAL_Driver/stm32h7xx_hal_i2c.o
 .text.I2C_WaitOnTXISFlagUntilTimeout
                0x900046b6       0x8e ./Drivers/STM32H7xx_HAL_Driver/stm32h7xx_hal_i2c.o
 .text.I2C_WaitOnSTOPFlagUntilTimeout
                0x90004744       0x86 ./Drivers/STM32H7xx_HAL_Driver/stm32h7xx_hal_i2c.o
 *fill*         0x900047ca        0x2 
 .text.I2C_IsErrorOccurred
                0x900047cc      0x1c0 ./Drivers/STM32H7xx_HAL_Driver/stm32h7xx_hal_i2c.o
 .text.I2C_TransferConfig
                0x9000498c       0x64 ./Drivers/STM32H7xx_HAL_Driver/stm32h7xx_hal_i2c.o
 .text.HAL_I2CEx_ConfigAnalogFilter
                0x900049f0       0x96 ./Drivers/STM32H7xx_HAL_Driver/stm32h7xx_hal_i2c_ex.o
                0x900049f0                HAL_I2CEx_ConfigAnalogFilter
 .text.HAL_I2CEx_ConfigDigitalFilter
                0x90004a86       0x98 ./Drivers/STM32H7xx_HAL_Driver/stm32h7xx_hal_i2c_ex.o
                0x90004a86                HAL_I2CEx_ConfigDigitalFilter
 .text.HAL_LTDC_Init
                0x90004b1e      0x13a ./Drivers/STM32H7xx_HAL_Driver/stm32h7xx_hal_ltdc.o
                0x90004b1e                HAL_LTDC_Init
 .text.HAL_LTDC_MspInit
                0x90004c58       0x14 ./Drivers/STM32H7xx_HAL_Driver/stm32h7xx_hal_ltdc.o
                0x90004c58                HAL_LTDC_MspInit
 .text.HAL_LTDC_ConfigLayer
                0x90004c6c       0x7c ./Drivers/STM32H7xx_HAL_Driver/stm32h7xx_hal_ltdc.o
                0x90004c6c                HAL_LTDC_ConfigLayer
 .text.LTDC_SetConfig
                0x90004ce8      0x2ec ./Drivers/STM32H7xx_HAL_Driver/stm32h7xx_hal_ltdc.o
 .text.HAL_MDMA_Init
                0x90004fd4       0x98 ./Drivers/STM32H7xx_HAL_Driver/stm32h7xx_hal_mdma.o
                0x90004fd4                HAL_MDMA_Init
 .text.HAL_MDMA_DeInit
                0x9000506c       0xb0 ./Drivers/STM32H7xx_HAL_Driver/stm32h7xx_hal_mdma.o
                0x9000506c                HAL_MDMA_DeInit
 .text.MDMA_Init
                0x9000511c      0x130 ./Drivers/STM32H7xx_HAL_Driver/stm32h7xx_hal_mdma.o
 .text.HAL_RCC_OscConfig
                0x9000524c      0x8b4 ./Drivers/STM32H7xx_HAL_Driver/stm32h7xx_hal_rcc.o
                0x9000524c                HAL_RCC_OscConfig
 .text.HAL_RCC_ClockConfig
                0x90005b00      0x36c ./Drivers/STM32H7xx_HAL_Driver/stm32h7xx_hal_rcc.o
                0x90005b00                HAL_RCC_ClockConfig
 .text.HAL_RCC_GetSysClockFreq
                0x90005e6c      0x2f4 ./Drivers/STM32H7xx_HAL_Driver/stm32h7xx_hal_rcc.o
                0x90005e6c                HAL_RCC_GetSysClockFreq
 .text.HAL_RCC_GetHCLKFreq
                0x90006160       0x60 ./Drivers/STM32H7xx_HAL_Driver/stm32h7xx_hal_rcc.o
                0x90006160                HAL_RCC_GetHCLKFreq
 .text.HAL_RCC_GetPCLK1Freq
                0x900061c0       0x2c ./Drivers/STM32H7xx_HAL_Driver/stm32h7xx_hal_rcc.o
                0x900061c0                HAL_RCC_GetPCLK1Freq
 .text.HAL_RCC_GetPCLK2Freq
                0x900061ec       0x2c ./Drivers/STM32H7xx_HAL_Driver/stm32h7xx_hal_rcc.o
                0x900061ec                HAL_RCC_GetPCLK2Freq
 .text.HAL_RCCEx_PeriphCLKConfig
                0x90006218     0x1414 ./Drivers/STM32H7xx_HAL_Driver/stm32h7xx_hal_rcc_ex.o
                0x90006218                HAL_RCCEx_PeriphCLKConfig
 .text.HAL_RCCEx_GetD3PCLK1Freq
                0x9000762c       0x2c ./Drivers/STM32H7xx_HAL_Driver/stm32h7xx_hal_rcc_ex.o
                0x9000762c                HAL_RCCEx_GetD3PCLK1Freq
 .text.HAL_RCCEx_GetPLL2ClockFreq
                0x90007658      0x2a8 ./Drivers/STM32H7xx_HAL_Driver/stm32h7xx_hal_rcc_ex.o
                0x90007658                HAL_RCCEx_GetPLL2ClockFreq
 .text.HAL_RCCEx_GetPLL3ClockFreq
                0x90007900      0x2a8 ./Drivers/STM32H7xx_HAL_Driver/stm32h7xx_hal_rcc_ex.o
                0x90007900                HAL_RCCEx_GetPLL3ClockFreq
 .text.RCCEx_PLL2_Config
                0x90007ba8      0x164 ./Drivers/STM32H7xx_HAL_Driver/stm32h7xx_hal_rcc_ex.o
 .text.RCCEx_PLL3_Config
                0x90007d0c      0x164 ./Drivers/STM32H7xx_HAL_Driver/stm32h7xx_hal_rcc_ex.o
 .text.HAL_SDRAM_Init
                0x90007e70       0x78 ./Drivers/STM32H7xx_HAL_Driver/stm32h7xx_hal_sdram.o
                0x90007e70                HAL_SDRAM_Init
 .text.HAL_SDRAM_MspInit
                0x90007ee8       0x14 ./Drivers/STM32H7xx_HAL_Driver/stm32h7xx_hal_sdram.o
                0x90007ee8                HAL_SDRAM_MspInit
 .text.HAL_SDRAM_SendCommand
                0x90007efc       0x6a ./Drivers/STM32H7xx_HAL_Driver/stm32h7xx_hal_sdram.o
                0x90007efc                HAL_SDRAM_SendCommand
 .text.HAL_SDRAM_ProgramRefreshRate
                0x90007f66       0x50 ./Drivers/STM32H7xx_HAL_Driver/stm32h7xx_hal_sdram.o
                0x90007f66                HAL_SDRAM_ProgramRefreshRate
 .text.HAL_TIM_PWM_Init
                0x90007fb6       0xae ./Drivers/STM32H7xx_HAL_Driver/stm32h7xx_hal_tim.o
                0x90007fb6                HAL_TIM_PWM_Init
 .text.HAL_TIM_PWM_DeInit
                0x90008064       0xb8 ./Drivers/STM32H7xx_HAL_Driver/stm32h7xx_hal_tim.o
                0x90008064                HAL_TIM_PWM_DeInit
 .text.HAL_TIM_PWM_MspInit
                0x9000811c       0x14 ./Drivers/STM32H7xx_HAL_Driver/stm32h7xx_hal_tim.o
                0x9000811c                HAL_TIM_PWM_MspInit
 .text.HAL_TIM_PWM_MspDeInit
                0x90008130       0x14 ./Drivers/STM32H7xx_HAL_Driver/stm32h7xx_hal_tim.o
                0x90008130                HAL_TIM_PWM_MspDeInit
 .text.HAL_TIM_PWM_Start
                0x90008144      0x21c ./Drivers/STM32H7xx_HAL_Driver/stm32h7xx_hal_tim.o
                0x90008144                HAL_TIM_PWM_Start
 .text.HAL_TIM_PWM_Stop
                0x90008360      0x12c ./Drivers/STM32H7xx_HAL_Driver/stm32h7xx_hal_tim.o
                0x90008360                HAL_TIM_PWM_Stop
 .text.HAL_TIM_PWM_ConfigChannel
                0x9000848c      0x228 ./Drivers/STM32H7xx_HAL_Driver/stm32h7xx_hal_tim.o
                0x9000848c                HAL_TIM_PWM_ConfigChannel
 .text.TIM_Base_SetConfig
                0x900086b4      0x140 ./Drivers/STM32H7xx_HAL_Driver/stm32h7xx_hal_tim.o
                0x900086b4                TIM_Base_SetConfig
 .text.TIM_OC1_SetConfig
                0x900087f4      0x120 ./Drivers/STM32H7xx_HAL_Driver/stm32h7xx_hal_tim.o
 .text.TIM_OC2_SetConfig
                0x90008914      0x114 ./Drivers/STM32H7xx_HAL_Driver/stm32h7xx_hal_tim.o
                0x90008914                TIM_OC2_SetConfig
 .text.TIM_OC3_SetConfig
                0x90008a28      0x110 ./Drivers/STM32H7xx_HAL_Driver/stm32h7xx_hal_tim.o
 .text.TIM_OC4_SetConfig
                0x90008b38       0xd4 ./Drivers/STM32H7xx_HAL_Driver/stm32h7xx_hal_tim.o
 .text.TIM_OC5_SetConfig
                0x90008c0c       0xc8 ./Drivers/STM32H7xx_HAL_Driver/stm32h7xx_hal_tim.o
 .text.TIM_OC6_SetConfig
                0x90008cd4       0xcc ./Drivers/STM32H7xx_HAL_Driver/stm32h7xx_hal_tim.o
 .text.TIM_CCxChannelCmd
                0x90008da0       0x4a ./Drivers/STM32H7xx_HAL_Driver/stm32h7xx_hal_tim.o
                0x90008da0                TIM_CCxChannelCmd
 .text.HAL_UART_Init
                0x90008dea       0xa0 ./Drivers/STM32H7xx_HAL_Driver/stm32h7xx_hal_uart.o
                0x90008dea                HAL_UART_Init
 .text.HAL_UART_Transmit
                0x90008e8a      0x11c ./Drivers/STM32H7xx_HAL_Driver/stm32h7xx_hal_uart.o
                0x90008e8a                HAL_UART_Transmit
 *fill*         0x90008fa6        0x2 
 .text.UART_SetConfig
                0x90008fa8      0xad0 ./Drivers/STM32H7xx_HAL_Driver/stm32h7xx_hal_uart.o
                0x90008fa8                UART_SetConfig
 .text.UART_AdvFeatureConfig
                0x90009a78      0x144 ./Drivers/STM32H7xx_HAL_Driver/stm32h7xx_hal_uart.o
                0x90009a78                UART_AdvFeatureConfig
 .text.UART_CheckIdleState
                0x90009bbc      0x154 ./Drivers/STM32H7xx_HAL_Driver/stm32h7xx_hal_uart.o
                0x90009bbc                UART_CheckIdleState
 .text.UART_WaitOnFlagUntilTimeout
                0x90009d10       0xda ./Drivers/STM32H7xx_HAL_Driver/stm32h7xx_hal_uart.o
                0x90009d10                UART_WaitOnFlagUntilTimeout
 *fill*         0x90009dea        0x2 
 .text.UART_EndRxTransfer
                0x90009dec       0xcc ./Drivers/STM32H7xx_HAL_Driver/stm32h7xx_hal_uart.o
 .text.HAL_UARTEx_DisableFifoMode
                0x90009eb8       0x72 ./Drivers/STM32H7xx_HAL_Driver/stm32h7xx_hal_uart_ex.o
                0x90009eb8                HAL_UARTEx_DisableFifoMode
 .text.HAL_UARTEx_SetTxFifoThreshold
                0x90009f2a       0x7c ./Drivers/STM32H7xx_HAL_Driver/stm32h7xx_hal_uart_ex.o
                0x90009f2a                HAL_UARTEx_SetTxFifoThreshold
 .text.HAL_UARTEx_SetRxFifoThreshold
                0x90009fa6       0x7c ./Drivers/STM32H7xx_HAL_Driver/stm32h7xx_hal_uart_ex.o
                0x90009fa6                HAL_UARTEx_SetRxFifoThreshold
 *fill*         0x9000a022        0x2 
 .text.UARTEx_SetNbDataToProcess
                0x9000a024       0x9c ./Drivers/STM32H7xx_HAL_Driver/stm32h7xx_hal_uart_ex.o
 .text.FMC_SDRAM_Init
                0x9000a0c0       0xb8 ./Drivers/STM32H7xx_HAL_Driver/stm32h7xx_ll_fmc.o
                0x9000a0c0                FMC_SDRAM_Init
 .text.FMC_SDRAM_Timing_Init
                0x9000a178       0xd4 ./Drivers/STM32H7xx_HAL_Driver/stm32h7xx_ll_fmc.o
                0x9000a178                FMC_SDRAM_Timing_Init
 .text.FMC_SDRAM_SendCommand
                0x9000a24c       0x48 ./Drivers/STM32H7xx_HAL_Driver/stm32h7xx_ll_fmc.o
                0x9000a24c                FMC_SDRAM_SendCommand
 .text.FMC_SDRAM_ProgramRefreshRate
                0x9000a294       0x30 ./Drivers/STM32H7xx_HAL_Driver/stm32h7xx_ll_fmc.o
                0x9000a294                FMC_SDRAM_ProgramRefreshRate
 .text.setAllRowsInactive
                0x9000a2c4       0x40 ./FK/FlexiKeyboard.o
                0x9000a2c4                setAllRowsInactive
 .text.setRowActive
                0x9000a304       0x40 ./FK/FlexiKeyboard.o
                0x9000a304                setRowActive
 .text.ReadFlexiKeyboard
                0x9000a344       0xcc ./FK/FlexiKeyboard.o
                0x9000a344                ReadFlexiKeyboard
 .text.InitFlexiKeyboard
                0x9000a410      0x194 ./FK/FlexiKeyboard.o
                0x9000a410                InitFlexiKeyboard
 .text.UTIL_LCD_SetFuncDriver
                0x9000a5a4       0xac ./Utilities/stm32_lcd.o
                0x9000a5a4                UTIL_LCD_SetFuncDriver
 .text.UTIL_LCD_SetLayer
                0x9000a650       0x3c ./Utilities/stm32_lcd.o
                0x9000a650                UTIL_LCD_SetLayer
 .text.UTIL_LCD_SetTextColor
                0x9000a68c       0x28 ./Utilities/stm32_lcd.o
                0x9000a68c                UTIL_LCD_SetTextColor
 .text.UTIL_LCD_SetBackColor
                0x9000a6b4       0x28 ./Utilities/stm32_lcd.o
                0x9000a6b4                UTIL_LCD_SetBackColor
 .text.UTIL_LCD_SetFont
                0x9000a6dc       0x28 ./Utilities/stm32_lcd.o
                0x9000a6dc                UTIL_LCD_SetFont
 .text.UTIL_LCD_FillRGBRect
                0x9000a704       0x38 ./Utilities/stm32_lcd.o
                0x9000a704                UTIL_LCD_FillRGBRect
 .text.UTIL_LCD_Clear
                0x9000a73c       0x2c ./Utilities/stm32_lcd.o
                0x9000a73c                UTIL_LCD_Clear
 .text.UTIL_LCD_DisplayChar
                0x9000a768       0x6c ./Utilities/stm32_lcd.o
                0x9000a768                UTIL_LCD_DisplayChar
 .text.UTIL_LCD_DisplayStringAt
                0x9000a7d4      0x15c ./Utilities/stm32_lcd.o
                0x9000a7d4                UTIL_LCD_DisplayStringAt
 .text.UTIL_LCD_FillRect
                0x9000a930       0x74 ./Utilities/stm32_lcd.o
                0x9000a930                UTIL_LCD_FillRect
 .text.DrawChar
                0x9000a9a4      0x2b4 ./Utilities/stm32_lcd.o
 .text.std      0x9000ac58       0x6c C:/ST/STM32CubeIDE_1.19.0/STM32CubeIDE/plugins/com.st.stm32cube.ide.mcu.externaltools.gnu-tools-for-stm32.13.3.rel1.win32_1.0.0.202411081344/tools/bin/../lib/gcc/arm-none-eabi/13.3.1/../../../../arm-none-eabi/lib/thumb/v7e-m+dp/hard\libc_nano.a(libc_a-findfp.o)
 .text.stdio_exit_handler
                0x9000acc4       0x18 C:/ST/STM32CubeIDE_1.19.0/STM32CubeIDE/plugins/com.st.stm32cube.ide.mcu.externaltools.gnu-tools-for-stm32.13.3.rel1.win32_1.0.0.202411081344/tools/bin/../lib/gcc/arm-none-eabi/13.3.1/../../../../arm-none-eabi/lib/thumb/v7e-m+dp/hard\libc_nano.a(libc_a-findfp.o)
 .text.cleanup_stdio
                0x9000acdc       0x40 C:/ST/STM32CubeIDE_1.19.0/STM32CubeIDE/plugins/com.st.stm32cube.ide.mcu.externaltools.gnu-tools-for-stm32.13.3.rel1.win32_1.0.0.202411081344/tools/bin/../lib/gcc/arm-none-eabi/13.3.1/../../../../arm-none-eabi/lib/thumb/v7e-m+dp/hard\libc_nano.a(libc_a-findfp.o)
 .text.global_stdio_init.part.0
                0x9000ad1c       0x3c C:/ST/STM32CubeIDE_1.19.0/STM32CubeIDE/plugins/com.st.stm32cube.ide.mcu.externaltools.gnu-tools-for-stm32.13.3.rel1.win32_1.0.0.202411081344/tools/bin/../lib/gcc/arm-none-eabi/13.3.1/../../../../arm-none-eabi/lib/thumb/v7e-m+dp/hard\libc_nano.a(libc_a-findfp.o)
 .text.__sfp_lock_acquire
                0x9000ad58        0xc C:/ST/STM32CubeIDE_1.19.0/STM32CubeIDE/plugins/com.st.stm32cube.ide.mcu.externaltools.gnu-tools-for-stm32.13.3.rel1.win32_1.0.0.202411081344/tools/bin/../lib/gcc/arm-none-eabi/13.3.1/../../../../arm-none-eabi/lib/thumb/v7e-m+dp/hard\libc_nano.a(libc_a-findfp.o)
                0x9000ad58                __sfp_lock_acquire
 .text.__sfp_lock_release
                0x9000ad64        0xc C:/ST/STM32CubeIDE_1.19.0/STM32CubeIDE/plugins/com.st.stm32cube.ide.mcu.externaltools.gnu-tools-for-stm32.13.3.rel1.win32_1.0.0.202411081344/tools/bin/../lib/gcc/arm-none-eabi/13.3.1/../../../../arm-none-eabi/lib/thumb/v7e-m+dp/hard\libc_nano.a(libc_a-findfp.o)
                0x9000ad64                __sfp_lock_release
 .text.__sinit  0x9000ad70       0x30 C:/ST/STM32CubeIDE_1.19.0/STM32CubeIDE/plugins/com.st.stm32cube.ide.mcu.externaltools.gnu-tools-for-stm32.13.3.rel1.win32_1.0.0.202411081344/tools/bin/../lib/gcc/arm-none-eabi/13.3.1/../../../../arm-none-eabi/lib/thumb/v7e-m+dp/hard\libc_nano.a(libc_a-findfp.o)
                0x9000ad70                __sinit
 .text._fwalk_sglue
                0x9000ada0       0x3c C:/ST/STM32CubeIDE_1.19.0/STM32CubeIDE/plugins/com.st.stm32cube.ide.mcu.externaltools.gnu-tools-for-stm32.13.3.rel1.win32_1.0.0.202411081344/tools/bin/../lib/gcc/arm-none-eabi/13.3.1/../../../../arm-none-eabi/lib/thumb/v7e-m+dp/hard\libc_nano.a(libc_a-fwalk.o)
                0x9000ada0                _fwalk_sglue
 .text.printf   0x9000addc       0x24 C:/ST/STM32CubeIDE_1.19.0/STM32CubeIDE/plugins/com.st.stm32cube.ide.mcu.externaltools.gnu-tools-for-stm32.13.3.rel1.win32_1.0.0.202411081344/tools/bin/../lib/gcc/arm-none-eabi/13.3.1/../../../../arm-none-eabi/lib/thumb/v7e-m+dp/hard\libc_nano.a(libc_a-printf.o)
                0x9000addc                iprintf
                0x9000addc                printf
 .text._puts_r  0x9000ae00       0xaa C:/ST/STM32CubeIDE_1.19.0/STM32CubeIDE/plugins/com.st.stm32cube.ide.mcu.externaltools.gnu-tools-for-stm32.13.3.rel1.win32_1.0.0.202411081344/tools/bin/../lib/gcc/arm-none-eabi/13.3.1/../../../../arm-none-eabi/lib/thumb/v7e-m+dp/hard\libc_nano.a(libc_a-puts.o)
                0x9000ae00                _puts_r
 *fill*         0x9000aeaa        0x2 
 .text.puts     0x9000aeac       0x10 C:/ST/STM32CubeIDE_1.19.0/STM32CubeIDE/plugins/com.st.stm32cube.ide.mcu.externaltools.gnu-tools-for-stm32.13.3.rel1.win32_1.0.0.202411081344/tools/bin/../lib/gcc/arm-none-eabi/13.3.1/../../../../arm-none-eabi/lib/thumb/v7e-m+dp/hard\libc_nano.a(libc_a-puts.o)
                0x9000aeac                puts
 .text.sprintf  0x9000aebc       0x44 C:/ST/STM32CubeIDE_1.19.0/STM32CubeIDE/plugins/com.st.stm32cube.ide.mcu.externaltools.gnu-tools-for-stm32.13.3.rel1.win32_1.0.0.202411081344/tools/bin/../lib/gcc/arm-none-eabi/13.3.1/../../../../arm-none-eabi/lib/thumb/v7e-m+dp/hard\libc_nano.a(libc_a-sprintf.o)
                0x9000aebc                siprintf
                0x9000aebc                sprintf
 .text.__sread  0x9000af00       0x22 C:/ST/STM32CubeIDE_1.19.0/STM32CubeIDE/plugins/com.st.stm32cube.ide.mcu.externaltools.gnu-tools-for-stm32.13.3.rel1.win32_1.0.0.202411081344/tools/bin/../lib/gcc/arm-none-eabi/13.3.1/../../../../arm-none-eabi/lib/thumb/v7e-m+dp/hard\libc_nano.a(libc_a-stdio.o)
                0x9000af00                __sread
 .text.__swrite
                0x9000af22       0x38 C:/ST/STM32CubeIDE_1.19.0/STM32CubeIDE/plugins/com.st.stm32cube.ide.mcu.externaltools.gnu-tools-for-stm32.13.3.rel1.win32_1.0.0.202411081344/tools/bin/../lib/gcc/arm-none-eabi/13.3.1/../../../../arm-none-eabi/lib/thumb/v7e-m+dp/hard\libc_nano.a(libc_a-stdio.o)
                0x9000af22                __swrite
 .text.__sseek  0x9000af5a       0x24 C:/ST/STM32CubeIDE_1.19.0/STM32CubeIDE/plugins/com.st.stm32cube.ide.mcu.externaltools.gnu-tools-for-stm32.13.3.rel1.win32_1.0.0.202411081344/tools/bin/../lib/gcc/arm-none-eabi/13.3.1/../../../../arm-none-eabi/lib/thumb/v7e-m+dp/hard\libc_nano.a(libc_a-stdio.o)
                0x9000af5a                __sseek
 .text.__sclose
                0x9000af7e        0x8 C:/ST/STM32CubeIDE_1.19.0/STM32CubeIDE/plugins/com.st.stm32cube.ide.mcu.externaltools.gnu-tools-for-stm32.13.3.rel1.win32_1.0.0.202411081344/tools/bin/../lib/gcc/arm-none-eabi/13.3.1/../../../../arm-none-eabi/lib/thumb/v7e-m+dp/hard\libc_nano.a(libc_a-stdio.o)
                0x9000af7e                __sclose
 .text.__swbuf_r
                0x9000af86       0x7c C:/ST/STM32CubeIDE_1.19.0/STM32CubeIDE/plugins/com.st.stm32cube.ide.mcu.externaltools.gnu-tools-for-stm32.13.3.rel1.win32_1.0.0.202411081344/tools/bin/../lib/gcc/arm-none-eabi/13.3.1/../../../../arm-none-eabi/lib/thumb/v7e-m+dp/hard\libc_nano.a(libc_a-wbuf.o)
                0x9000af86                __swbuf_r
 *fill*         0x9000b002        0x2 
 .text.__swsetup_r
                0x9000b004       0xac C:/ST/STM32CubeIDE_1.19.0/STM32CubeIDE/plugins/com.st.stm32cube.ide.mcu.externaltools.gnu-tools-for-stm32.13.3.rel1.win32_1.0.0.202411081344/tools/bin/../lib/gcc/arm-none-eabi/13.3.1/../../../../arm-none-eabi/lib/thumb/v7e-m+dp/hard\libc_nano.a(libc_a-wsetup.o)
                0x9000b004                __swsetup_r
 .text.memset   0x9000b0b0       0x10 C:/ST/STM32CubeIDE_1.19.0/STM32CubeIDE/plugins/com.st.stm32cube.ide.mcu.externaltools.gnu-tools-for-stm32.13.3.rel1.win32_1.0.0.202411081344/tools/bin/../lib/gcc/arm-none-eabi/13.3.1/../../../../arm-none-eabi/lib/thumb/v7e-m+dp/hard\libc_nano.a(libc_a-memset.o)
                0x9000b0b0                memset
 .text._close_r
                0x9000b0c0       0x20 C:/ST/STM32CubeIDE_1.19.0/STM32CubeIDE/plugins/com.st.stm32cube.ide.mcu.externaltools.gnu-tools-for-stm32.13.3.rel1.win32_1.0.0.202411081344/tools/bin/../lib/gcc/arm-none-eabi/13.3.1/../../../../arm-none-eabi/lib/thumb/v7e-m+dp/hard\libc_nano.a(libc_a-closer.o)
                0x9000b0c0                _close_r
 .text._lseek_r
                0x9000b0e0       0x24 C:/ST/STM32CubeIDE_1.19.0/STM32CubeIDE/plugins/com.st.stm32cube.ide.mcu.externaltools.gnu-tools-for-stm32.13.3.rel1.win32_1.0.0.202411081344/tools/bin/../lib/gcc/arm-none-eabi/13.3.1/../../../../arm-none-eabi/lib/thumb/v7e-m+dp/hard\libc_nano.a(libc_a-lseekr.o)
                0x9000b0e0                _lseek_r
 .text._read_r  0x9000b104       0x24 C:/ST/STM32CubeIDE_1.19.0/STM32CubeIDE/plugins/com.st.stm32cube.ide.mcu.externaltools.gnu-tools-for-stm32.13.3.rel1.win32_1.0.0.202411081344/tools/bin/../lib/gcc/arm-none-eabi/13.3.1/../../../../arm-none-eabi/lib/thumb/v7e-m+dp/hard\libc_nano.a(libc_a-readr.o)
                0x9000b104                _read_r
 .text._write_r
                0x9000b128       0x24 C:/ST/STM32CubeIDE_1.19.0/STM32CubeIDE/plugins/com.st.stm32cube.ide.mcu.externaltools.gnu-tools-for-stm32.13.3.rel1.win32_1.0.0.202411081344/tools/bin/../lib/gcc/arm-none-eabi/13.3.1/../../../../arm-none-eabi/lib/thumb/v7e-m+dp/hard\libc_nano.a(libc_a-writer.o)
                0x9000b128                _write_r
 .text.__errno  0x9000b14c        0xc C:/ST/STM32CubeIDE_1.19.0/STM32CubeIDE/plugins/com.st.stm32cube.ide.mcu.externaltools.gnu-tools-for-stm32.13.3.rel1.win32_1.0.0.202411081344/tools/bin/../lib/gcc/arm-none-eabi/13.3.1/../../../../arm-none-eabi/lib/thumb/v7e-m+dp/hard\libc_nano.a(libc_a-errno.o)
                0x9000b14c                __errno
 .text.__libc_init_array
                0x9000b158       0x48 C:/ST/STM32CubeIDE_1.19.0/STM32CubeIDE/plugins/com.st.stm32cube.ide.mcu.externaltools.gnu-tools-for-stm32.13.3.rel1.win32_1.0.0.202411081344/tools/bin/../lib/gcc/arm-none-eabi/13.3.1/../../../../arm-none-eabi/lib/thumb/v7e-m+dp/hard\libc_nano.a(libc_a-init.o)
                0x9000b158                __libc_init_array
 .text.__retarget_lock_init_recursive
                0x9000b1a0        0x2 C:/ST/STM32CubeIDE_1.19.0/STM32CubeIDE/plugins/com.st.stm32cube.ide.mcu.externaltools.gnu-tools-for-stm32.13.3.rel1.win32_1.0.0.202411081344/tools/bin/../lib/gcc/arm-none-eabi/13.3.1/../../../../arm-none-eabi/lib/thumb/v7e-m+dp/hard\libc_nano.a(libc_a-lock.o)
                0x9000b1a0                __retarget_lock_init_recursive
 .text.__retarget_lock_acquire_recursive
                0x9000b1a2        0x2 C:/ST/STM32CubeIDE_1.19.0/STM32CubeIDE/plugins/com.st.stm32cube.ide.mcu.externaltools.gnu-tools-for-stm32.13.3.rel1.win32_1.0.0.202411081344/tools/bin/../lib/gcc/arm-none-eabi/13.3.1/../../../../arm-none-eabi/lib/thumb/v7e-m+dp/hard\libc_nano.a(libc_a-lock.o)
                0x9000b1a2                __retarget_lock_acquire_recursive
 .text.__retarget_lock_release_recursive
                0x9000b1a4        0x2 C:/ST/STM32CubeIDE_1.19.0/STM32CubeIDE/plugins/com.st.stm32cube.ide.mcu.externaltools.gnu-tools-for-stm32.13.3.rel1.win32_1.0.0.202411081344/tools/bin/../lib/gcc/arm-none-eabi/13.3.1/../../../../arm-none-eabi/lib/thumb/v7e-m+dp/hard\libc_nano.a(libc_a-lock.o)
                0x9000b1a4                __retarget_lock_release_recursive
 .text.memcpy   0x9000b1a6       0x1c C:/ST/STM32CubeIDE_1.19.0/STM32CubeIDE/plugins/com.st.stm32cube.ide.mcu.externaltools.gnu-tools-for-stm32.13.3.rel1.win32_1.0.0.202411081344/tools/bin/../lib/gcc/arm-none-eabi/13.3.1/../../../../arm-none-eabi/lib/thumb/v7e-m+dp/hard\libc_nano.a(libc_a-memcpy-stub.o)
                0x9000b1a6                memcpy
 *fill*         0x9000b1c2        0x2 
 .text._free_r  0x9000b1c4       0x94 C:/ST/STM32CubeIDE_1.19.0/STM32CubeIDE/plugins/com.st.stm32cube.ide.mcu.externaltools.gnu-tools-for-stm32.13.3.rel1.win32_1.0.0.202411081344/tools/bin/../lib/gcc/arm-none-eabi/13.3.1/../../../../arm-none-eabi/lib/thumb/v7e-m+dp/hard\libc_nano.a(libc_a-freer.o)
                0x9000b1c4                _free_r
 .text.sbrk_aligned
                0x9000b258       0x44 C:/ST/STM32CubeIDE_1.19.0/STM32CubeIDE/plugins/com.st.stm32cube.ide.mcu.externaltools.gnu-tools-for-stm32.13.3.rel1.win32_1.0.0.202411081344/tools/bin/../lib/gcc/arm-none-eabi/13.3.1/../../../../arm-none-eabi/lib/thumb/v7e-m+dp/hard\libc_nano.a(libc_a-mallocr.o)
 .text._malloc_r
                0x9000b29c      0x100 C:/ST/STM32CubeIDE_1.19.0/STM32CubeIDE/plugins/com.st.stm32cube.ide.mcu.externaltools.gnu-tools-for-stm32.13.3.rel1.win32_1.0.0.202411081344/tools/bin/../lib/gcc/arm-none-eabi/13.3.1/../../../../arm-none-eabi/lib/thumb/v7e-m+dp/hard\libc_nano.a(libc_a-mallocr.o)
                0x9000b29c                _malloc_r
 .text.__malloc_lock
                0x9000b39c        0xc C:/ST/STM32CubeIDE_1.19.0/STM32CubeIDE/plugins/com.st.stm32cube.ide.mcu.externaltools.gnu-tools-for-stm32.13.3.rel1.win32_1.0.0.202411081344/tools/bin/../lib/gcc/arm-none-eabi/13.3.1/../../../../arm-none-eabi/lib/thumb/v7e-m+dp/hard\libc_nano.a(libc_a-mlock.o)
                0x9000b39c                __malloc_lock
 .text.__malloc_unlock
                0x9000b3a8        0xc C:/ST/STM32CubeIDE_1.19.0/STM32CubeIDE/plugins/com.st.stm32cube.ide.mcu.externaltools.gnu-tools-for-stm32.13.3.rel1.win32_1.0.0.202411081344/tools/bin/../lib/gcc/arm-none-eabi/13.3.1/../../../../arm-none-eabi/lib/thumb/v7e-m+dp/hard\libc_nano.a(libc_a-mlock.o)
                0x9000b3a8                __malloc_unlock
 .text.__ssputs_r
                0x9000b3b4       0xb6 C:/ST/STM32CubeIDE_1.19.0/STM32CubeIDE/plugins/com.st.stm32cube.ide.mcu.externaltools.gnu-tools-for-stm32.13.3.rel1.win32_1.0.0.202411081344/tools/bin/../lib/gcc/arm-none-eabi/13.3.1/../../../../arm-none-eabi/lib/thumb/v7e-m+dp/hard\libc_nano.a(libc_a-nano-svfprintf.o)
                0x9000b3b4                __ssputs_r
 *fill*         0x9000b46a        0x2 
 .text._svfprintf_r
                0x9000b46c      0x1f8 C:/ST/STM32CubeIDE_1.19.0/STM32CubeIDE/plugins/com.st.stm32cube.ide.mcu.externaltools.gnu-tools-for-stm32.13.3.rel1.win32_1.0.0.202411081344/tools/bin/../lib/gcc/arm-none-eabi/13.3.1/../../../../arm-none-eabi/lib/thumb/v7e-m+dp/hard\libc_nano.a(libc_a-nano-svfprintf.o)
                0x9000b46c                _svfiprintf_r
                0x9000b46c                _svfprintf_r
 .text.__sfputc_r
                0x9000b664       0x2e C:/ST/STM32CubeIDE_1.19.0/STM32CubeIDE/plugins/com.st.stm32cube.ide.mcu.externaltools.gnu-tools-for-stm32.13.3.rel1.win32_1.0.0.202411081344/tools/bin/../lib/gcc/arm-none-eabi/13.3.1/../../../../arm-none-eabi/lib/thumb/v7e-m+dp/hard\libc_nano.a(libc_a-nano-vfprintf.o)
 .text.__sfputs_r
                0x9000b692       0x24 C:/ST/STM32CubeIDE_1.19.0/STM32CubeIDE/plugins/com.st.stm32cube.ide.mcu.externaltools.gnu-tools-for-stm32.13.3.rel1.win32_1.0.0.202411081344/tools/bin/../lib/gcc/arm-none-eabi/13.3.1/../../../../arm-none-eabi/lib/thumb/v7e-m+dp/hard\libc_nano.a(libc_a-nano-vfprintf.o)
                0x9000b692                __sfputs_r
 *fill*         0x9000b6b6        0x2 
 .text._vfprintf_r
                0x9000b6b8      0x230 C:/ST/STM32CubeIDE_1.19.0/STM32CubeIDE/plugins/com.st.stm32cube.ide.mcu.externaltools.gnu-tools-for-stm32.13.3.rel1.win32_1.0.0.202411081344/tools/bin/../lib/gcc/arm-none-eabi/13.3.1/../../../../arm-none-eabi/lib/thumb/v7e-m+dp/hard\libc_nano.a(libc_a-nano-vfprintf.o)
                0x9000b6b8                _vfprintf_r
                0x9000b6b8                _vfiprintf_r
 .text._printf_common
                0x9000b8e8       0xda C:/ST/STM32CubeIDE_1.19.0/STM32CubeIDE/plugins/com.st.stm32cube.ide.mcu.externaltools.gnu-tools-for-stm32.13.3.rel1.win32_1.0.0.202411081344/tools/bin/../lib/gcc/arm-none-eabi/13.3.1/../../../../arm-none-eabi/lib/thumb/v7e-m+dp/hard\libc_nano.a(libc_a-nano-vfprintf_i.o)
                0x9000b8e8                _printf_common
 *fill*         0x9000b9c2        0x2 
 .text._printf_i
                0x9000b9c4      0x23c C:/ST/STM32CubeIDE_1.19.0/STM32CubeIDE/plugins/com.st.stm32cube.ide.mcu.externaltools.gnu-tools-for-stm32.13.3.rel1.win32_1.0.0.202411081344/tools/bin/../lib/gcc/arm-none-eabi/13.3.1/../../../../arm-none-eabi/lib/thumb/v7e-m+dp/hard\libc_nano.a(libc_a-nano-vfprintf_i.o)
                0x9000b9c4                _printf_i
 .text.__sflush_r
                0x9000bc00      0x108 C:/ST/STM32CubeIDE_1.19.0/STM32CubeIDE/plugins/com.st.stm32cube.ide.mcu.externaltools.gnu-tools-for-stm32.13.3.rel1.win32_1.0.0.202411081344/tools/bin/../lib/gcc/arm-none-eabi/13.3.1/../../../../arm-none-eabi/lib/thumb/v7e-m+dp/hard\libc_nano.a(libc_a-fflush.o)
                0x9000bc00                __sflush_r
 .text._fflush_r
                0x9000bd08       0x50 C:/ST/STM32CubeIDE_1.19.0/STM32CubeIDE/plugins/com.st.stm32cube.ide.mcu.externaltools.gnu-tools-for-stm32.13.3.rel1.win32_1.0.0.202411081344/tools/bin/../lib/gcc/arm-none-eabi/13.3.1/../../../../arm-none-eabi/lib/thumb/v7e-m+dp/hard\libc_nano.a(libc_a-fflush.o)
                0x9000bd08                _fflush_r
 .text.__swhatbuf_r
                0x9000bd58       0x4c C:/ST/STM32CubeIDE_1.19.0/STM32CubeIDE/plugins/com.st.stm32cube.ide.mcu.externaltools.gnu-tools-for-stm32.13.3.rel1.win32_1.0.0.202411081344/tools/bin/../lib/gcc/arm-none-eabi/13.3.1/../../../../arm-none-eabi/lib/thumb/v7e-m+dp/hard\libc_nano.a(libc_a-makebuf.o)
                0x9000bd58                __swhatbuf_r
 .text.__smakebuf_r
                0x9000bda4       0x78 C:/ST/STM32CubeIDE_1.19.0/STM32CubeIDE/plugins/com.st.stm32cube.ide.mcu.externaltools.gnu-tools-for-stm32.13.3.rel1.win32_1.0.0.202411081344/tools/bin/../lib/gcc/arm-none-eabi/13.3.1/../../../../arm-none-eabi/lib/thumb/v7e-m+dp/hard\libc_nano.a(libc_a-makebuf.o)
                0x9000bda4                __smakebuf_r
 .text.memmove  0x9000be1c       0x34 C:/ST/STM32CubeIDE_1.19.0/STM32CubeIDE/plugins/com.st.stm32cube.ide.mcu.externaltools.gnu-tools-for-stm32.13.3.rel1.win32_1.0.0.202411081344/tools/bin/../lib/gcc/arm-none-eabi/13.3.1/../../../../arm-none-eabi/lib/thumb/v7e-m+dp/hard\libc_nano.a(libc_a-memmove.o)
                0x9000be1c                memmove
 .text._fstat_r
                0x9000be50       0x24 C:/ST/STM32CubeIDE_1.19.0/STM32CubeIDE/plugins/com.st.stm32cube.ide.mcu.externaltools.gnu-tools-for-stm32.13.3.rel1.win32_1.0.0.202411081344/tools/bin/../lib/gcc/arm-none-eabi/13.3.1/../../../../arm-none-eabi/lib/thumb/v7e-m+dp/hard\libc_nano.a(libc_a-fstatr.o)
                0x9000be50                _fstat_r
 .text._isatty_r
                0x9000be74       0x20 C:/ST/STM32CubeIDE_1.19.0/STM32CubeIDE/plugins/com.st.stm32cube.ide.mcu.externaltools.gnu-tools-for-stm32.13.3.rel1.win32_1.0.0.202411081344/tools/bin/../lib/gcc/arm-none-eabi/13.3.1/../../../../arm-none-eabi/lib/thumb/v7e-m+dp/hard\libc_nano.a(libc_a-isattyr.o)
                0x9000be74                _isatty_r
 .text._sbrk_r  0x9000be94       0x20 C:/ST/STM32CubeIDE_1.19.0/STM32CubeIDE/plugins/com.st.stm32cube.ide.mcu.externaltools.gnu-tools-for-stm32.13.3.rel1.win32_1.0.0.202411081344/tools/bin/../lib/gcc/arm-none-eabi/13.3.1/../../../../arm-none-eabi/lib/thumb/v7e-m+dp/hard\libc_nano.a(libc_a-sbrkr.o)
                0x9000be94                _sbrk_r
 .text._realloc_r
                0x9000beb4       0x5c C:/ST/STM32CubeIDE_1.19.0/STM32CubeIDE/plugins/com.st.stm32cube.ide.mcu.externaltools.gnu-tools-for-stm32.13.3.rel1.win32_1.0.0.202411081344/tools/bin/../lib/gcc/arm-none-eabi/13.3.1/../../../../arm-none-eabi/lib/thumb/v7e-m+dp/hard\libc_nano.a(libc_a-reallocr.o)
                0x9000beb4                _realloc_r
 .text._malloc_usable_size_r
                0x9000bf10       0x10 C:/ST/STM32CubeIDE_1.19.0/STM32CubeIDE/plugins/com.st.stm32cube.ide.mcu.externaltools.gnu-tools-for-stm32.13.3.rel1.win32_1.0.0.202411081344/tools/bin/../lib/gcc/arm-none-eabi/13.3.1/../../../../arm-none-eabi/lib/thumb/v7e-m+dp/hard\libc_nano.a(libc_a-msizer.o)
                0x9000bf10                _malloc_usable_size_r
 *(.glue_7)
 .glue_7        0x9000bf20        0x0 linker stubs
 *(.glue_7t)
 .glue_7t       0x9000bf20        0x0 linker stubs
 *(.eh_frame)
 .eh_frame      0x9000bf20        0x0 C:/ST/STM32CubeIDE_1.19.0/STM32CubeIDE/plugins/com.st.stm32cube.ide.mcu.externaltools.gnu-tools-for-stm32.13.3.rel1.win32_1.0.0.202411081344/tools/bin/../lib/gcc/arm-none-eabi/13.3.1/thumb/v7e-m+dp/hard/crtbegin.o
 *(.init)
 .init          0x9000bf20        0x4 C:/ST/STM32CubeIDE_1.19.0/STM32CubeIDE/plugins/com.st.stm32cube.ide.mcu.externaltools.gnu-tools-for-stm32.13.3.rel1.win32_1.0.0.202411081344/tools/bin/../lib/gcc/arm-none-eabi/13.3.1/thumb/v7e-m+dp/hard/crti.o
                0x9000bf20                _init
 .init          0x9000bf24        0x8 C:/ST/STM32CubeIDE_1.19.0/STM32CubeIDE/plugins/com.st.stm32cube.ide.mcu.externaltools.gnu-tools-for-stm32.13.3.rel1.win32_1.0.0.202411081344/tools/bin/../lib/gcc/arm-none-eabi/13.3.1/thumb/v7e-m+dp/hard/crtn.o
 *(.fini)
 .fini          0x9000bf2c        0x4 C:/ST/STM32CubeIDE_1.19.0/STM32CubeIDE/plugins/com.st.stm32cube.ide.mcu.externaltools.gnu-tools-for-stm32.13.3.rel1.win32_1.0.0.202411081344/tools/bin/../lib/gcc/arm-none-eabi/13.3.1/thumb/v7e-m+dp/hard/crti.o
                0x9000bf2c                _fini
 .fini          0x9000bf30        0x8 C:/ST/STM32CubeIDE_1.19.0/STM32CubeIDE/plugins/com.st.stm32cube.ide.mcu.externaltools.gnu-tools-for-stm32.13.3.rel1.win32_1.0.0.202411081344/tools/bin/../lib/gcc/arm-none-eabi/13.3.1/thumb/v7e-m+dp/hard/crtn.o
                0x9000bf38                        . = ALIGN (0x4)
                0x9000bf38                        _etext = .

.vfp11_veneer   0x9000bf38        0x0
 .vfp11_veneer  0x9000bf38        0x0 linker stubs

.v4_bx          0x9000bf38        0x0
 .v4_bx         0x9000bf38        0x0 linker stubs

.iplt           0x9000bf38        0x0
 .iplt          0x9000bf38        0x0 C:/ST/STM32CubeIDE_1.19.0/STM32CubeIDE/plugins/com.st.stm32cube.ide.mcu.externaltools.gnu-tools-for-stm32.13.3.rel1.win32_1.0.0.202411081344/tools/bin/../lib/gcc/arm-none-eabi/13.3.1/thumb/v7e-m+dp/hard/crtbegin.o

.rodata         0x9000bf38     0x26c0
                0x9000bf38                        . = ALIGN (0x4)
 *(.rodata)
 .rodata        0x9000bf38       0x28 ./AppLogic/appLogic.o
 .rodata        0x9000bf60       0x13 ./Application/User/main.o
 *fill*         0x9000bf73        0x1 
 .rodata        0x9000bf74      0x1ac ./Display/display.o
 *(.rodata*)
 .rodata.I2C_Charac
                0x9000c120       0x84 ./Drivers/BSP/STM32H750B-Discovery/stm32h750b_discovery_bus.o
 .rodata.LCD_Driver
                0x9000c1a4       0x2c ./Drivers/BSP/STM32H750B-Discovery/stm32h750b_discovery_lcd.o
                0x9000c1a4                LCD_Driver
 .rodata.D1CorePrescTable
                0x9000c1d0       0x10 ./Drivers/CMSIS/system_stm32h7xx.o
                0x9000c1d0                D1CorePrescTable
 .rodata.UARTPrescTable
                0x9000c1e0       0x18 ./Drivers/STM32H7xx_HAL_Driver/stm32h7xx_hal_uart.o
                0x9000c1e0                UARTPrescTable
 .rodata.numerator.1
                0x9000c1f8        0x8 ./Drivers/STM32H7xx_HAL_Driver/stm32h7xx_hal_uart_ex.o
 .rodata.denominator.0
                0x9000c200        0x8 ./Drivers/STM32H7xx_HAL_Driver/stm32h7xx_hal_uart_ex.o
 .rodata.keymap
                0x9000c208       0x19 ./FK/FlexiKeyboard.o
                0x9000c208                keymap
 *fill*         0x9000c221        0x3 
 .rodata.Font32_Table
                0x9000c224     0x23a0 ./Utilities/stm32_lcd.o
                0x9000c224                Font32_Table
 .rodata._svfprintf_r.str1.1
                0x9000e5c4       0x33 C:/ST/STM32CubeIDE_1.19.0/STM32CubeIDE/plugins/com.st.stm32cube.ide.mcu.externaltools.gnu-tools-for-stm32.13.3.rel1.win32_1.0.0.202411081344/tools/bin/../lib/gcc/arm-none-eabi/13.3.1/../../../../arm-none-eabi/lib/thumb/v7e-m+dp/hard\libc_nano.a(libc_a-nano-svfprintf.o)
                                 0x11 (size before relaxing)
 .rodata._vfprintf_r.str1.1
                0x9000e5f7       0x11 C:/ST/STM32CubeIDE_1.19.0/STM32CubeIDE/plugins/com.st.stm32cube.ide.mcu.externaltools.gnu-tools-for-stm32.13.3.rel1.win32_1.0.0.202411081344/tools/bin/../lib/gcc/arm-none-eabi/13.3.1/../../../../arm-none-eabi/lib/thumb/v7e-m+dp/hard\libc_nano.a(libc_a-nano-vfprintf.o)
 .rodata._printf_i.str1.1
                0x9000e5f7       0x22 C:/ST/STM32CubeIDE_1.19.0/STM32CubeIDE/plugins/com.st.stm32cube.ide.mcu.externaltools.gnu-tools-for-stm32.13.3.rel1.win32_1.0.0.202411081344/tools/bin/../lib/gcc/arm-none-eabi/13.3.1/../../../../arm-none-eabi/lib/thumb/v7e-m+dp/hard\libc_nano.a(libc_a-nano-vfprintf_i.o)
                0x9000e61c                        . = ALIGN (0x4)
 *fill*         0x9000e5f7        0x1 

.ARM.extab      0x9000e5f8        0x0
                0x9000e5f8                        . = ALIGN (0x4)
 *(.ARM.extab* .gnu.linkonce.armextab.*)
                0x9000e5f8                        . = ALIGN (0x4)

.ARM            0x9000e5f8        0x8
                0x9000e5f8                        . = ALIGN (0x4)
                0x9000e5f8                        __exidx_start = .
 *(.ARM.exidx*)
 .ARM.exidx     0x9000e5f8        0x8 C:/ST/STM32CubeIDE_1.19.0/STM32CubeIDE/plugins/com.st.stm32cube.ide.mcu.externaltools.gnu-tools-for-stm32.13.3.rel1.win32_1.0.0.202411081344/tools/bin/../lib/gcc/arm-none-eabi/13.3.1/../../../../arm-none-eabi/lib/thumb/v7e-m+dp/hard\libc_nano.a(libc_a-strlen.o)
 .ARM.exidx     0x9000e600        0x0 C:/ST/STM32CubeIDE_1.19.0/STM32CubeIDE/plugins/com.st.stm32cube.ide.mcu.externaltools.gnu-tools-for-stm32.13.3.rel1.win32_1.0.0.202411081344/tools/bin/../lib/gcc/arm-none-eabi/13.3.1/../../../../arm-none-eabi/lib/thumb/v7e-m+dp/hard\libc_nano.a(libc_a-memchr.o)
                                  0x8 (size before relaxing)
 .ARM.exidx     0x9000e600        0x0 C:/ST/STM32CubeIDE_1.19.0/STM32CubeIDE/plugins/com.st.stm32cube.ide.mcu.externaltools.gnu-tools-for-stm32.13.3.rel1.win32_1.0.0.202411081344/tools/bin/../lib/gcc/arm-none-eabi/13.3.1/thumb/v7e-m+dp/hard\libgcc.a(_udivmoddi4.o)
                                  0x8 (size before relaxing)
                0x9000e600                        __exidx_end = .
                0x9000e600                        . = ALIGN (0x4)

.preinit_array  0x9000e600        0x0
                0x9000e600                        . = ALIGN (0x4)
                0x9000e600                        PROVIDE (__preinit_array_start = .)
 *(.preinit_array*)
                0x9000e600                        PROVIDE (__preinit_array_end = .)
                0x9000e600                        . = ALIGN (0x4)

.init_array     0x9000e600        0x4
                0x9000e600                        . = ALIGN (0x4)
                0x9000e600                        PROVIDE (__init_array_start = .)
 *(SORT_BY_NAME(.init_array.*))
 *(.init_array*)
 .init_array    0x9000e600        0x4 C:/ST/STM32CubeIDE_1.19.0/STM32CubeIDE/plugins/com.st.stm32cube.ide.mcu.externaltools.gnu-tools-for-stm32.13.3.rel1.win32_1.0.0.202411081344/tools/bin/../lib/gcc/arm-none-eabi/13.3.1/thumb/v7e-m+dp/hard/crtbegin.o
                0x9000e604                        PROVIDE (__init_array_end = .)
                0x9000e604                        . = ALIGN (0x4)

.fini_array     0x9000e604        0x4
                0x9000e604                        . = ALIGN (0x4)
                [!provide]                        PROVIDE (__fini_array_start = .)
 *(SORT_BY_NAME(.fini_array.*))
 *(.fini_array*)
 .fini_array    0x9000e604        0x4 C:/ST/STM32CubeIDE_1.19.0/STM32CubeIDE/plugins/com.st.stm32cube.ide.mcu.externaltools.gnu-tools-for-stm32.13.3.rel1.win32_1.0.0.202411081344/tools/bin/../lib/gcc/arm-none-eabi/13.3.1/thumb/v7e-m+dp/hard/crtbegin.o
                [!provide]                        PROVIDE (__fini_array_end = .)
                0x9000e608                        . = ALIGN (0x4)
                0x9000e608                        _sidata = LOADADDR (.data)

.rel.dyn        0x9000e608        0x0
 .rel.iplt      0x9000e608        0x0 C:/ST/STM32CubeIDE_1.19.0/STM32CubeIDE/plugins/com.st.stm32cube.ide.mcu.externaltools.gnu-tools-for-stm32.13.3.rel1.win32_1.0.0.202411081344/tools/bin/../lib/gcc/arm-none-eabi/13.3.1/thumb/v7e-m+dp/hard/crtbegin.o

.data           0x20000000       0xcc load address 0x9000e608
                0x20000000                        . = ALIGN (0x4)
                0x20000000                        _sdata = .
 *(.data)
 *(.data*)
 .data.SystemCoreClock
                0x20000000        0x4 ./Drivers/CMSIS/system_stm32h7xx.o
                0x20000000                SystemCoreClock
 .data.SystemD2Clock
                0x20000004        0x4 ./Drivers/CMSIS/system_stm32h7xx.o
                0x20000004                SystemD2Clock
 .data.uwTickPrio
                0x20000008        0x4 ./Drivers/STM32H7xx_HAL_Driver/stm32h7xx_hal.o
                0x20000008                uwTickPrio
 .data.uwTickFreq
                0x2000000c        0x1 ./Drivers/STM32H7xx_HAL_Driver/stm32h7xx_hal.o
                0x2000000c                uwTickFreq
 *fill*         0x2000000d        0x3 
 .data.rowPins  0x20000010       0x28 ./FK/FlexiKeyboard.o
                0x20000010                rowPins
 .data.colPins  0x20000038       0x28 ./FK/FlexiKeyboard.o
                0x20000038                colPins
 .data.lastRow  0x20000060        0x4 ./FK/FlexiKeyboard.o
                0x20000060                lastRow
 .data.lastCol  0x20000064        0x4 ./FK/FlexiKeyboard.o
                0x20000064                lastCol
 .data.Font32   0x20000068        0x8 ./Utilities/stm32_lcd.o
                0x20000068                Font32
 .data.__sglue  0x20000070        0xc C:/ST/STM32CubeIDE_1.19.0/STM32CubeIDE/plugins/com.st.stm32cube.ide.mcu.externaltools.gnu-tools-for-stm32.13.3.rel1.win32_1.0.0.202411081344/tools/bin/../lib/gcc/arm-none-eabi/13.3.1/../../../../arm-none-eabi/lib/thumb/v7e-m+dp/hard\libc_nano.a(libc_a-findfp.o)
                0x20000070                __sglue
 .data._impure_ptr
                0x2000007c        0x4 C:/ST/STM32CubeIDE_1.19.0/STM32CubeIDE/plugins/com.st.stm32cube.ide.mcu.externaltools.gnu-tools-for-stm32.13.3.rel1.win32_1.0.0.202411081344/tools/bin/../lib/gcc/arm-none-eabi/13.3.1/../../../../arm-none-eabi/lib/thumb/v7e-m+dp/hard\libc_nano.a(libc_a-impure.o)
                0x2000007c                _impure_ptr
 .data._impure_data
                0x20000080       0x4c C:/ST/STM32CubeIDE_1.19.0/STM32CubeIDE/plugins/com.st.stm32cube.ide.mcu.externaltools.gnu-tools-for-stm32.13.3.rel1.win32_1.0.0.202411081344/tools/bin/../lib/gcc/arm-none-eabi/13.3.1/../../../../arm-none-eabi/lib/thumb/v7e-m+dp/hard\libc_nano.a(libc_a-impure.o)
                0x20000080                _impure_data
 *(.RamFunc)
 *(.RamFunc*)
                0x200000cc                        . = ALIGN (0x4)
                0x200000cc                        _edata = .

.igot.plt       0x200000cc        0x0 load address 0x9000e6d4
 .igot.plt      0x200000cc        0x0 C:/ST/STM32CubeIDE_1.19.0/STM32CubeIDE/plugins/com.st.stm32cube.ide.mcu.externaltools.gnu-tools-for-stm32.13.3.rel1.win32_1.0.0.202411081344/tools/bin/../lib/gcc/arm-none-eabi/13.3.1/thumb/v7e-m+dp/hard/crtbegin.o
                0x200000cc                        . = ALIGN (0x4)

.bss            0x200000d0     0x1034 load address 0x9000e6d4
                0x200000d0                        _sbss = .
                0x200000d0                        __bss_start__ = _sbss
 *(.bss)
 .bss           0x200000d0       0x1c C:/ST/STM32CubeIDE_1.19.0/STM32CubeIDE/plugins/com.st.stm32cube.ide.mcu.externaltools.gnu-tools-for-stm32.13.3.rel1.win32_1.0.0.202411081344/tools/bin/../lib/gcc/arm-none-eabi/13.3.1/thumb/v7e-m+dp/hard/crtbegin.o
 *(.bss*)
 .bss.lastCursorTime
                0x200000ec        0x4 ./AppLogic/appLogic.o
                0x200000ec                lastCursorTime
 .bss.htim8     0x200000f0       0x4c ./Application/User/main.o
                0x200000f0                htim8
 .bss.huart3    0x2000013c       0x94 ./Application/User/main.o
                0x2000013c                huart3
 .bss.periph_clk_init_struct.0
                0x200001d0       0xc0 ./Application/User/main.o
 .bss.__sbrk_heap_end
                0x20000290        0x4 ./Application/User/sysmem.o
 .bss.x_size    0x20000294        0x4 ./Display/display.o
                0x20000294                x_size
 .bss.y_size    0x20000298        0x4 ./Display/display.o
                0x20000298                y_size
 .bss.Command   0x2000029c       0x10 ./Drivers/BSP/Components/mt48lc4m32b2.o
 .bss.I2c4InitCounter
                0x200002ac        0x4 ./Drivers/BSP/STM32H750B-Discovery/stm32h750b_discovery_bus.o
 .bss.I2c_valid_timing
                0x200002b0      0xa00 ./Drivers/BSP/STM32H750B-Discovery/stm32h750b_discovery_bus.o
 .bss.I2c_valid_timing_nbr
                0x20000cb0        0x4 ./Drivers/BSP/STM32H750B-Discovery/stm32h750b_discovery_bus.o
 .bss.hbus_i2c4
                0x20000cb4       0x54 ./Drivers/BSP/STM32H750B-Discovery/stm32h750b_discovery_bus.o
                0x20000cb4                hbus_i2c4
 .bss.hlcd_tim  0x20000d08       0x4c ./Drivers/BSP/STM32H750B-Discovery/stm32h750b_discovery_lcd.o
 .bss.hlcd_dma2d
                0x20000d54       0x68 ./Drivers/BSP/STM32H750B-Discovery/stm32h750b_discovery_lcd.o
                0x20000d54                hlcd_dma2d
 .bss.hlcd_ltdc
                0x20000dbc       0xa8 ./Drivers/BSP/STM32H750B-Discovery/stm32h750b_discovery_lcd.o
                0x20000dbc                hlcd_ltdc
 .bss.Lcd_Ctx   0x20000e64       0x20 ./Drivers/BSP/STM32H750B-Discovery/stm32h750b_discovery_lcd.o
                0x20000e64                Lcd_Ctx
 .bss.hsdram    0x20000e84       0x34 ./Drivers/BSP/STM32H750B-Discovery/stm32h750b_discovery_sdram.o
                0x20000e84                hsdram
 .bss.pRegMode.2
                0x20000eb8       0x20 ./Drivers/BSP/STM32H750B-Discovery/stm32h750b_discovery_sdram.o
 .bss.mdma_handle.1
                0x20000ed8       0x6c ./Drivers/BSP/STM32H750B-Discovery/stm32h750b_discovery_sdram.o
 .bss.uwTick    0x20000f44        0x4 ./Drivers/STM32H7xx_HAL_Driver/stm32h7xx_hal.o
                0x20000f44                uwTick
 .bss.lastTriggerTime
                0x20000f48        0x4 ./FK/FlexiKeyboard.o
                0x20000f48                lastTriggerTime
 .bss.DrawProp  0x20000f4c       0x40 ./Utilities/stm32_lcd.o
 .bss.FuncDriver
                0x20000f8c       0x2c ./Utilities/stm32_lcd.o
 .bss.__sf      0x20000fb8      0x138 C:/ST/STM32CubeIDE_1.19.0/STM32CubeIDE/plugins/com.st.stm32cube.ide.mcu.externaltools.gnu-tools-for-stm32.13.3.rel1.win32_1.0.0.202411081344/tools/bin/../lib/gcc/arm-none-eabi/13.3.1/../../../../arm-none-eabi/lib/thumb/v7e-m+dp/hard\libc_nano.a(libc_a-findfp.o)
                0x20000fb8                __sf
 .bss.__stdio_exit_handler
                0x200010f0        0x4 C:/ST/STM32CubeIDE_1.19.0/STM32CubeIDE/plugins/com.st.stm32cube.ide.mcu.externaltools.gnu-tools-for-stm32.13.3.rel1.win32_1.0.0.202411081344/tools/bin/../lib/gcc/arm-none-eabi/13.3.1/../../../../arm-none-eabi/lib/thumb/v7e-m+dp/hard\libc_nano.a(libc_a-findfp.o)
                0x200010f0                __stdio_exit_handler
 .bss.errno     0x200010f4        0x4 C:/ST/STM32CubeIDE_1.19.0/STM32CubeIDE/plugins/com.st.stm32cube.ide.mcu.externaltools.gnu-tools-for-stm32.13.3.rel1.win32_1.0.0.202411081344/tools/bin/../lib/gcc/arm-none-eabi/13.3.1/../../../../arm-none-eabi/lib/thumb/v7e-m+dp/hard\libc_nano.a(libc_a-reent.o)
                0x200010f4                errno
 .bss.__lock___malloc_recursive_mutex
                0x200010f8        0x1 C:/ST/STM32CubeIDE_1.19.0/STM32CubeIDE/plugins/com.st.stm32cube.ide.mcu.externaltools.gnu-tools-for-stm32.13.3.rel1.win32_1.0.0.202411081344/tools/bin/../lib/gcc/arm-none-eabi/13.3.1/../../../../arm-none-eabi/lib/thumb/v7e-m+dp/hard\libc_nano.a(libc_a-lock.o)
                0x200010f8                __lock___malloc_recursive_mutex
 .bss.__lock___sfp_recursive_mutex
                0x200010f9        0x1 C:/ST/STM32CubeIDE_1.19.0/STM32CubeIDE/plugins/com.st.stm32cube.ide.mcu.externaltools.gnu-tools-for-stm32.13.3.rel1.win32_1.0.0.202411081344/tools/bin/../lib/gcc/arm-none-eabi/13.3.1/../../../../arm-none-eabi/lib/thumb/v7e-m+dp/hard\libc_nano.a(libc_a-lock.o)
                0x200010f9                __lock___sfp_recursive_mutex
 *fill*         0x200010fa        0x2 
 .bss.__malloc_sbrk_start
                0x200010fc        0x4 C:/ST/STM32CubeIDE_1.19.0/STM32CubeIDE/plugins/com.st.stm32cube.ide.mcu.externaltools.gnu-tools-for-stm32.13.3.rel1.win32_1.0.0.202411081344/tools/bin/../lib/gcc/arm-none-eabi/13.3.1/../../../../arm-none-eabi/lib/thumb/v7e-m+dp/hard\libc_nano.a(libc_a-mallocr.o)
                0x200010fc                __malloc_sbrk_start
 .bss.__malloc_free_list
                0x20001100        0x4 C:/ST/STM32CubeIDE_1.19.0/STM32CubeIDE/plugins/com.st.stm32cube.ide.mcu.externaltools.gnu-tools-for-stm32.13.3.rel1.win32_1.0.0.202411081344/tools/bin/../lib/gcc/arm-none-eabi/13.3.1/../../../../arm-none-eabi/lib/thumb/v7e-m+dp/hard\libc_nano.a(libc_a-mallocr.o)
                0x20001100                __malloc_free_list
 *(COMMON)
                0x20001104                        . = ALIGN (0x4)
                0x20001104                        _ebss = .
                0x20001104                        __bss_end__ = _ebss

._user_heap_stack
                0x20001104     0x1404 load address 0x9000e6d4
                0x20001108                        . = ALIGN (0x8)
 *fill*         0x20001104        0x4 
                [!provide]                        PROVIDE (end = .)
                0x20001108                        PROVIDE (_end = .)
                0x20001508                        . = (. + _Min_Heap_Size)
 *fill*         0x20001108      0x400 
                0x20002508                        . = (. + _Min_Stack_Size)
 *fill*         0x20001508     0x1000 
                0x20002508                        . = ALIGN (0x8)

/DISCARD/
 libc.a(*)
 libm.a(*)
 libgcc.a(*)

.ARM.attributes
                0x00000000       0x2e
 *(.ARM.attributes)
 .ARM.attributes
                0x00000000       0x20 C:/ST/STM32CubeIDE_1.19.0/STM32CubeIDE/plugins/com.st.stm32cube.ide.mcu.externaltools.gnu-tools-for-stm32.13.3.rel1.win32_1.0.0.202411081344/tools/bin/../lib/gcc/arm-none-eabi/13.3.1/thumb/v7e-m+dp/hard/crti.o
 .ARM.attributes
                0x00000020       0x32 C:/ST/STM32CubeIDE_1.19.0/STM32CubeIDE/plugins/com.st.stm32cube.ide.mcu.externaltools.gnu-tools-for-stm32.13.3.rel1.win32_1.0.0.202411081344/tools/bin/../lib/gcc/arm-none-eabi/13.3.1/thumb/v7e-m+dp/hard/crtbegin.o
 .ARM.attributes
                0x00000052       0x32 ./AppLogic/appLogic.o
 .ARM.attributes
                0x00000084       0x21 ./Application/Startup/startup_stm32h750xbhx.o
 .ARM.attributes
                0x000000a5       0x32 ./Application/User/main.o
 .ARM.attributes
                0x000000d7       0x32 ./Application/User/stm32h7xx_it.o
 .ARM.attributes
                0x00000109       0x32 ./Application/User/syscalls.o
 .ARM.attributes
                0x0000013b       0x32 ./Application/User/sysmem.o
 .ARM.attributes
                0x0000016d       0x32 ./Display/display.o
 .ARM.attributes
                0x0000019f       0x32 ./Drivers/BSP/Components/ft5336.o
 .ARM.attributes
                0x000001d1       0x32 ./Drivers/BSP/Components/ft5336_reg.o
 .ARM.attributes
                0x00000203       0x32 ./Drivers/BSP/Components/mt48lc4m32b2.o
 .ARM.attributes
                0x00000235       0x32 ./Drivers/BSP/STM32H750B-Discovery/stm32h750b_discovery_bus.o
 .ARM.attributes
                0x00000267       0x32 ./Drivers/BSP/STM32H750B-Discovery/stm32h750b_discovery_lcd.o
 .ARM.attributes
                0x00000299       0x32 ./Drivers/BSP/STM32H750B-Discovery/stm32h750b_discovery_sdram.o
 .ARM.attributes
                0x000002cb       0x32 ./Drivers/CMSIS/system_stm32h7xx.o
 .ARM.attributes
                0x000002fd       0x32 ./Drivers/STM32H7xx_HAL_Driver/stm32h7xx_hal.o
 .ARM.attributes
                0x0000032f       0x32 ./Drivers/STM32H7xx_HAL_Driver/stm32h7xx_hal_cortex.o
 .ARM.attributes
                0x00000361       0x32 ./Drivers/STM32H7xx_HAL_Driver/stm32h7xx_hal_dma2d.o
 .ARM.attributes
                0x00000393       0x32 ./Drivers/STM32H7xx_HAL_Driver/stm32h7xx_hal_gpio.o
 .ARM.attributes
                0x000003c5       0x32 ./Drivers/STM32H7xx_HAL_Driver/stm32h7xx_hal_i2c.o
 .ARM.attributes
                0x000003f7       0x32 ./Drivers/STM32H7xx_HAL_Driver/stm32h7xx_hal_i2c_ex.o
 .ARM.attributes
                0x00000429       0x32 ./Drivers/STM32H7xx_HAL_Driver/stm32h7xx_hal_ltdc.o
 .ARM.attributes
                0x0000045b       0x32 ./Drivers/STM32H7xx_HAL_Driver/stm32h7xx_hal_mdma.o
 .ARM.attributes
                0x0000048d       0x32 ./Drivers/STM32H7xx_HAL_Driver/stm32h7xx_hal_rcc.o
 .ARM.attributes
                0x000004bf       0x32 ./Drivers/STM32H7xx_HAL_Driver/stm32h7xx_hal_rcc_ex.o
 .ARM.attributes
                0x000004f1       0x32 ./Drivers/STM32H7xx_HAL_Driver/stm32h7xx_hal_sdram.o
 .ARM.attributes
                0x00000523       0x32 ./Drivers/STM32H7xx_HAL_Driver/stm32h7xx_hal_tim.o
 .ARM.attributes
                0x00000555       0x32 ./Drivers/STM32H7xx_HAL_Driver/stm32h7xx_hal_uart.o
 .ARM.attributes
                0x00000587       0x32 ./Drivers/STM32H7xx_HAL_Driver/stm32h7xx_hal_uart_ex.o
 .ARM.attributes
                0x000005b9       0x32 ./Drivers/STM32H7xx_HAL_Driver/stm32h7xx_ll_fmc.o
 .ARM.attributes
                0x000005eb       0x32 ./FK/FlexiKeyboard.o
 .ARM.attributes
                0x0000061d       0x32 ./Utilities/stm32_lcd.o
 .ARM.attributes
                0x0000064f       0x32 C:/ST/STM32CubeIDE_1.19.0/STM32CubeIDE/plugins/com.st.stm32cube.ide.mcu.externaltools.gnu-tools-for-stm32.13.3.rel1.win32_1.0.0.202411081344/tools/bin/../lib/gcc/arm-none-eabi/13.3.1/../../../../arm-none-eabi/lib/thumb/v7e-m+dp/hard\libc_nano.a(libc_a-findfp.o)
 .ARM.attributes
                0x00000681       0x32 C:/ST/STM32CubeIDE_1.19.0/STM32CubeIDE/plugins/com.st.stm32cube.ide.mcu.externaltools.gnu-tools-for-stm32.13.3.rel1.win32_1.0.0.202411081344/tools/bin/../lib/gcc/arm-none-eabi/13.3.1/../../../../arm-none-eabi/lib/thumb/v7e-m+dp/hard\libc_nano.a(libc_a-fwalk.o)
 .ARM.attributes
                0x000006b3       0x32 C:/ST/STM32CubeIDE_1.19.0/STM32CubeIDE/plugins/com.st.stm32cube.ide.mcu.externaltools.gnu-tools-for-stm32.13.3.rel1.win32_1.0.0.202411081344/tools/bin/../lib/gcc/arm-none-eabi/13.3.1/../../../../arm-none-eabi/lib/thumb/v7e-m+dp/hard\libc_nano.a(libc_a-printf.o)
 .ARM.attributes
                0x000006e5       0x32 C:/ST/STM32CubeIDE_1.19.0/STM32CubeIDE/plugins/com.st.stm32cube.ide.mcu.externaltools.gnu-tools-for-stm32.13.3.rel1.win32_1.0.0.202411081344/tools/bin/../lib/gcc/arm-none-eabi/13.3.1/../../../../arm-none-eabi/lib/thumb/v7e-m+dp/hard\libc_nano.a(libc_a-puts.o)
 .ARM.attributes
                0x00000717       0x32 C:/ST/STM32CubeIDE_1.19.0/STM32CubeIDE/plugins/com.st.stm32cube.ide.mcu.externaltools.gnu-tools-for-stm32.13.3.rel1.win32_1.0.0.202411081344/tools/bin/../lib/gcc/arm-none-eabi/13.3.1/../../../../arm-none-eabi/lib/thumb/v7e-m+dp/hard\libc_nano.a(libc_a-sprintf.o)
 .ARM.attributes
                0x00000749       0x32 C:/ST/STM32CubeIDE_1.19.0/STM32CubeIDE/plugins/com.st.stm32cube.ide.mcu.externaltools.gnu-tools-for-stm32.13.3.rel1.win32_1.0.0.202411081344/tools/bin/../lib/gcc/arm-none-eabi/13.3.1/../../../../arm-none-eabi/lib/thumb/v7e-m+dp/hard\libc_nano.a(libc_a-stdio.o)
 .ARM.attributes
                0x0000077b       0x32 C:/ST/STM32CubeIDE_1.19.0/STM32CubeIDE/plugins/com.st.stm32cube.ide.mcu.externaltools.gnu-tools-for-stm32.13.3.rel1.win32_1.0.0.202411081344/tools/bin/../lib/gcc/arm-none-eabi/13.3.1/../../../../arm-none-eabi/lib/thumb/v7e-m+dp/hard\libc_nano.a(libc_a-wbuf.o)
 .ARM.attributes
                0x000007ad       0x32 C:/ST/STM32CubeIDE_1.19.0/STM32CubeIDE/plugins/com.st.stm32cube.ide.mcu.externaltools.gnu-tools-for-stm32.13.3.rel1.win32_1.0.0.202411081344/tools/bin/../lib/gcc/arm-none-eabi/13.3.1/../../../../arm-none-eabi/lib/thumb/v7e-m+dp/hard\libc_nano.a(libc_a-wsetup.o)
 .ARM.attributes
                0x000007df       0x32 C:/ST/STM32CubeIDE_1.19.0/STM32CubeIDE/plugins/com.st.stm32cube.ide.mcu.externaltools.gnu-tools-for-stm32.13.3.rel1.win32_1.0.0.202411081344/tools/bin/../lib/gcc/arm-none-eabi/13.3.1/../../../../arm-none-eabi/lib/thumb/v7e-m+dp/hard\libc_nano.a(libc_a-memset.o)
 .ARM.attributes
                0x00000811       0x32 C:/ST/STM32CubeIDE_1.19.0/STM32CubeIDE/plugins/com.st.stm32cube.ide.mcu.externaltools.gnu-tools-for-stm32.13.3.rel1.win32_1.0.0.202411081344/tools/bin/../lib/gcc/arm-none-eabi/13.3.1/../../../../arm-none-eabi/lib/thumb/v7e-m+dp/hard\libc_nano.a(libc_a-closer.o)
 .ARM.attributes
                0x00000843       0x32 C:/ST/STM32CubeIDE_1.19.0/STM32CubeIDE/plugins/com.st.stm32cube.ide.mcu.externaltools.gnu-tools-for-stm32.13.3.rel1.win32_1.0.0.202411081344/tools/bin/../lib/gcc/arm-none-eabi/13.3.1/../../../../arm-none-eabi/lib/thumb/v7e-m+dp/hard\libc_nano.a(libc_a-reent.o)
 .ARM.attributes
                0x00000875       0x32 C:/ST/STM32CubeIDE_1.19.0/STM32CubeIDE/plugins/com.st.stm32cube.ide.mcu.externaltools.gnu-tools-for-stm32.13.3.rel1.win32_1.0.0.202411081344/tools/bin/../lib/gcc/arm-none-eabi/13.3.1/../../../../arm-none-eabi/lib/thumb/v7e-m+dp/hard\libc_nano.a(libc_a-impure.o)
 .ARM.attributes
                0x000008a7       0x32 C:/ST/STM32CubeIDE_1.19.0/STM32CubeIDE/plugins/com.st.stm32cube.ide.mcu.externaltools.gnu-tools-for-stm32.13.3.rel1.win32_1.0.0.202411081344/tools/bin/../lib/gcc/arm-none-eabi/13.3.1/../../../../arm-none-eabi/lib/thumb/v7e-m+dp/hard\libc_nano.a(libc_a-lseekr.o)
 .ARM.attributes