C:/projects/STM32-H750B-DK/LTDC_Paint/AppLogic/appLogic.c:5:6:clearInput	16	static
C:/projects/STM32-H750B-DK/LTDC_Paint/AppLogic/appLogic.c:9:6:revertCalibration	16	static
C:/projects/STM32-H750B-DK/LTDC_Paint/AppLogic/appLogic.c:13:6:clearVoltage	16	static
C:/projects/STM32-H750B-DK/LTDC_Paint/AppLogic/appLogic.c:18:6:backspace	16	static
C:/projects/STM32-H750B-DK/LTDC_Paint/AppLogic/appLogic.c:22:6:stopPWM	16	static
C:/projects/STM32-H750B-DK/LTDC_Paint/AppLogic/appLogic.c:27:10:LinearInterpolate	16	static
C:/projects/STM32-H750B-DK/LTDC_Paint/AppLogic/appLogic.c:32:10:GetPwmForVoltage	24	static
C:/projects/STM32-H750B-DK/LTDC_Paint/AppLogic/appLogic.c:44:6:startPWM	24	static
C:/projects/STM32-H750B-DK/LTDC_Paint/AppLogic/appLogic.c:50:6:setSTATE_F3	16	static
C:/projects/STM32-H750B-DK/LTDC_Paint/AppLogic/appLogic.c:55:6:setSTATE_F2	16	static
C:/projects/STM32-H750B-DK/LTDC_Paint/AppLogic/appLogic.c:61:6:setSTATE_F1	16	static
C:/projects/STM32-H750B-DK/LTDC_Paint/AppLogic/appLogic.c:66:6:validateAndSetVoltage	24	static
C:/projects/STM32-H750B-DK/LTDC_Paint/AppLogic/appLogic.c:78:6:validateAndSetCalibration	24	static
C:/projects/STM32-H750B-DK/LTDC_Paint/AppLogic/appLogic.c:90:6:updateInput	32	static
C:/projects/STM32-H750B-DK/LTDC_Paint/AppLogic/appLogic.c:100:6:handle_event	32	static
C:/projects/STM32-H750B-DK/LTDC_Paint/AppLogic/appLogic.c:158:6:InitializeAppContext	16	static
