C:/projects/STM32-H750B-DK/LTDC_Paint/Display/display.c:24:6:ClearCache	24	static,ignoring_inline_asm
C:/projects/STM32-H750B-DK/LTDC_Paint/Display/display.c:31:6:InitializeLcd	8	static
C:/projects/STM32-H750B-DK/LTDC_Paint/Display/display.c:55:6:uartSetCursorPosition	16	static
C:/projects/STM32-H750B-DK/LTDC_Paint/Display/display.c:59:6:UartClearScreen	8	static
C:/projects/STM32-H750B-DK/LTDC_Paint/Display/display.c:64:6:UartRenderState	16	static
C:/projects/STM32-H750B-DK/LTDC_Paint/Display/display.c:87:6:DrawPixel	24	static
C:/projects/STM32-H750B-DK/LTDC_Paint/Display/display.c:94:6:DrawLine	48	static
C:/projects/STM32-H750B-DK/LTDC_Paint/Display/display.c:124:6:DrawChar	40	static
C:/projects/STM32-H750B-DK/LTDC_Paint/Display/display.c:149:6:DrawText	16	static
C:/projects/STM32-H750B-DK/LTDC_Paint/Display/display.c:159:6:displayPaddedLine	16	static
C:/projects/STM32-H750B-DK/LTDC_Paint/Display/display.c:175:6:getCursor	16	static
C:/projects/STM32-H750B-DK/LTDC_Paint/Display/display.c:180:13:getValueWithCursor	24	static
C:/projects/STM32-H750B-DK/LTDC_Paint/Display/display.c:189:6:DrawCalibrationLine	56	static
C:/projects/STM32-H750B-DK/LTDC_Paint/Display/display.c:199:6:RenderNewFrame	16	static
C:/projects/STM32-H750B-DK/LTDC_Paint/Display/display.c:212:6:DisplayRenderState	88	static
