C:/projects/STM32-H750B-DK/LTDC_Paint/Display/display.c:6:6:ClearCache	24	static,ignoring_inline_asm
C:/projects/STM32-H750B-DK/LTDC_Paint/Display/display.c:12:6:InitializeLcd	8	static
C:/projects/STM32-H750B-DK/LTDC_Paint/Display/display.c:31:6:uartSetCursorPosition	16	static
C:/projects/STM32-H750B-DK/LTDC_Paint/Display/display.c:35:6:UartClearScreen	8	static
C:/projects/STM32-H750B-DK/LTDC_Paint/Display/display.c:40:6:UartRenderState	16	static
C:/projects/STM32-H750B-DK/LTDC_Paint/Display/display.c:63:6:displayPaddedLine	48	static
C:/projects/STM32-H750B-DK/LTDC_Paint/Display/display.c:79:6:DisplayRenderState	48	static
