C:/projects/STM32-H750B-DK/LTDC_Paint/Display/display.c:5:6:Draw_Menu	16	static
C:/projects/STM32-H750B-DK/LTDC_Paint/Display/display.c:18:6:InitializeLcd	8	static
C:/projects/STM32-H750B-DK/LTDC_Paint/Display/display.c:33:6:uartSetCursorPosition	16	static
C:/projects/STM32-H750B-DK/LTDC_Paint/Display/display.c:37:6:UartClearScreen	8	static
C:/projects/STM32-H750B-DK/LTDC_Paint/Display/display.c:42:6:UartRenderState	16	static
C:/projects/STM32-H750B-DK/LTDC_Paint/Display/display.c:65:6:DisplayRenderState	56	static
