C:/projects/STM32-H750B-DK/LTDC_Paint/Src/main.c:149:5:__io_putchar	16	static
C:/projects/STM32-H750B-DK/LTDC_Paint/Src/main.c:163:5:main	8	static
C:/projects/STM32-H750B-DK/LTDC_Paint/Src/main.c:206:6:setAllRowsInactive	16	static
C:/projects/STM32-H750B-DK/LTDC_Paint/Src/main.c:213:6:setRowActive	16	static
C:/projects/STM32-H750B-DK/LTDC_Paint/Src/main.c:222:6:readFlexiKeyboard	16	static
C:/projects/STM32-H750B-DK/LTDC_Paint/Src/main.c:266:13:GPIO_Init	72	static
C:/projects/STM32-H750B-DK/LTDC_Paint/Src/main.c:306:13:Draw_Menu	16	static
C:/projects/STM32-H750B-DK/LTDC_Paint/Src/main.c:319:13:InitializeLcd	8	static
C:/projects/STM32-H750B-DK/LTDC_Paint/Src/main.c:334:13:MX_USART3_UART_Init	8	static
C:/projects/STM32-H750B-DK/LTDC_Paint/Src/main.c:365:6:HAL_UART_MspInit	240	static
C:/projects/STM32-H750B-DK/LTDC_Paint/Src/main.c:402:13:Error_Handler	4	static
C:/projects/STM32-H750B-DK/LTDC_Paint/Src/main.c:431:13:SystemClock_Config	320	static
C:/projects/STM32-H750B-DK/LTDC_Paint/Src/main.c:511:13:CPU_CACHE_Enable	24	static,ignoring_inline_asm
C:/projects/STM32-H750B-DK/LTDC_Paint/Src/main.c:520:13:CPU_CACHE_Disable	24	static,ignoring_inline_asm
C:/projects/STM32-H750B-DK/LTDC_Paint/Src/main.c:537:19:MX_LTDC_ClockConfig	16	static
C:/projects/STM32-H750B-DK/LTDC_Paint/Src/main.c:566:13:MPU_Config	24	static
