C:/projects/STM32-H750B-DK/LTDC_Paint/Src/main.c:77:5:__io_putchar	16	static
C:/projects/STM32-H750B-DK/LTDC_Paint/Src/main.c:91:5:main	8	static
C:/projects/STM32-H750B-DK/LTDC_Paint/Src/main.c:139:13:MX_USART3_UART_Init	8	static
C:/projects/STM32-H750B-DK/LTDC_Paint/Src/main.c:170:6:HAL_UART_MspInit	240	static
C:/projects/STM32-H750B-DK/LTDC_Paint/Src/main.c:207:13:Error_Handler	4	static
C:/projects/STM32-H750B-DK/LTDC_Paint/Src/main.c:236:13:SystemClock_Config	320	static
C:/projects/STM32-H750B-DK/LTDC_Paint/Src/main.c:316:13:CPU_CACHE_Enable	24	static,ignoring_inline_asm
C:/projects/STM32-H750B-DK/LTDC_Paint/Src/main.c:325:13:CPU_CACHE_Disable	24	static,ignoring_inline_asm
C:/projects/STM32-H750B-DK/LTDC_Paint/Src/main.c:342:19:MX_LTDC_ClockConfig	16	static
C:/projects/STM32-H750B-DK/LTDC_Paint/Src/main.c:371:13:MPU_Config	24	static
