C:/projects/STM32-H750B-DK/LTDC_Paint/Src/main.c:72:5:main	8	static
C:/projects/STM32-H750B-DK/LTDC_Paint/Src/main.c:130:13:Draw_Menu	16	static
C:/projects/STM32-H750B-DK/LTDC_Paint/Src/main.c:178:13:Error_Handler	4	static
C:/projects/STM32-H750B-DK/LTDC_Paint/Src/main.c:207:13:SystemClock_Config	320	static
C:/projects/STM32-H750B-DK/LTDC_Paint/Src/main.c:287:13:CPU_CACHE_Enable	24	static,ignoring_inline_asm
C:/projects/STM32-H750B-DK/LTDC_Paint/Src/main.c:296:13:CPU_CACHE_Disable	24	static,ignoring_inline_asm
C:/projects/STM32-H750B-DK/LTDC_Paint/Src/main.c:313:19:MX_LTDC_ClockConfig	16	static
C:/projects/STM32-H750B-DK/LTDC_Paint/Src/main.c:342:13:MPU_Config	24	static
