C:/projects/STM32-H750B-DK/LTDC_Paint/Src/main.c:83:5:main	5
C:/projects/STM32-H750B-DK/LTDC_Paint/Src/main.c:178:13:USBH_UserProcess	4
C:/projects/STM32-H750B-DK/LTDC_Paint/Src/main.c:201:13:GetPosition	24
C:/projects/STM32-H750B-DK/LTDC_Paint/Src/main.c:345:13:Draw_Menu	1
C:/projects/STM32-H750B-DK/LTDC_Paint/Src/main.c:391:6:Save_Picture	12
C:/projects/STM32-H750B-DK/LTDC_Paint/Src/main.c:517:13:Error_Handler	1
C:/projects/STM32-H750B-DK/LTDC_Paint/Src/main.c:529:13:Update_Color	1
C:/projects/STM32-H750B-DK/LTDC_Paint/Src/main.c:547:13:Update_Size	1
C:/projects/STM32-H750B-DK/LTDC_Paint/Src/main.c:585:13:SystemClock_Config	4
C:/projects/STM32-H750B-DK/LTDC_Paint/Src/main.c:665:13:CPU_CACHE_Enable	5
C:/projects/STM32-H750B-DK/LTDC_Paint/Src/main.c:674:13:CPU_CACHE_Disable	3
C:/projects/STM32-H750B-DK/LTDC_Paint/Src/main.c:691:19:MX_LTDC_ClockConfig	1
C:/projects/STM32-H750B-DK/LTDC_Paint/Src/main.c:720:13:MPU_Config	1
