C:/projects/STM32-H750B-DK/LTDC_Paint/Src/main.c:150:5:__io_putchar	16	static
C:/projects/STM32-H750B-DK/LTDC_Paint/Src/main.c:164:5:main	8	static
C:/projects/STM32-H750B-DK/LTDC_Paint/Src/main.c:307:13:Draw_Menu	16	static
C:/projects/STM32-H750B-DK/LTDC_Paint/Src/main.c:320:13:InitializeLcd	8	static
C:/projects/STM32-H750B-DK/LTDC_Paint/Src/main.c:335:13:MX_USART3_UART_Init	8	static
C:/projects/STM32-H750B-DK/LTDC_Paint/Src/main.c:366:6:HAL_UART_MspInit	240	static
C:/projects/STM32-H750B-DK/LTDC_Paint/Src/main.c:403:13:Error_Handler	4	static
C:/projects/STM32-H750B-DK/LTDC_Paint/Src/main.c:432:13:SystemClock_Config	320	static
C:/projects/STM32-H750B-DK/LTDC_Paint/Src/main.c:512:13:CPU_CACHE_Enable	24	static,ignoring_inline_asm
C:/projects/STM32-H750B-DK/LTDC_Paint/Src/main.c:521:13:CPU_CACHE_Disable	24	static,ignoring_inline_asm
C:/projects/STM32-H750B-DK/LTDC_Paint/Src/main.c:538:19:MX_LTDC_ClockConfig	16	static
C:/projects/STM32-H750B-DK/LTDC_Paint/Src/main.c:567:13:MPU_Config	24	static
