C:/projects/STM32-H750B-DK/LTDC_Paint/Src/main.c:157:5:__io_putchar	16	static
C:/projects/STM32-H750B-DK/LTDC_Paint/Src/main.c:164:6:HAL_UART_MspInit	240	static
C:/projects/STM32-H750B-DK/LTDC_Paint/Src/main.c:204:5:main	8	static
C:/projects/STM32-H750B-DK/LTDC_Paint/Src/main.c:267:6:setAllRowsInactive	16	static
C:/projects/STM32-H750B-DK/LTDC_Paint/Src/main.c:274:6:setRowActive	16	static
C:/projects/STM32-H750B-DK/LTDC_Paint/Src/main.c:283:6:readFlexiKeyboard	16	static
C:/projects/STM32-H750B-DK/LTDC_Paint/Src/main.c:326:13:GPIO_Init	80	static
C:/projects/STM32-H750B-DK/LTDC_Paint/Src/main.c:386:13:Draw_Menu	16	static
C:/projects/STM32-H750B-DK/LTDC_Paint/Src/main.c:399:13:MX_USART3_UART_Init	8	static
C:/projects/STM32-H750B-DK/LTDC_Paint/Src/main.c:435:13:Error_Handler	4	static
C:/projects/STM32-H750B-DK/LTDC_Paint/Src/main.c:464:13:SystemClock_Config	320	static
C:/projects/STM32-H750B-DK/LTDC_Paint/Src/main.c:544:13:CPU_CACHE_Enable	24	static,ignoring_inline_asm
C:/projects/STM32-H750B-DK/LTDC_Paint/Src/main.c:553:13:CPU_CACHE_Disable	24	static,ignoring_inline_asm
C:/projects/STM32-H750B-DK/LTDC_Paint/Src/main.c:570:19:MX_LTDC_ClockConfig	16	static
C:/projects/STM32-H750B-DK/LTDC_Paint/Src/main.c:599:13:MPU_Config	24	static
