C:/projects/STM32-H750B-DK/LTDC_Paint/Src/main.c:83:5:main	8	static
C:/projects/STM32-H750B-DK/LTDC_Paint/Src/main.c:178:13:USBH_UserProcess	16	static
C:/projects/STM32-H750B-DK/LTDC_Paint/Src/main.c:201:13:GetPosition	32	static
C:/projects/STM32-H750B-DK/LTDC_Paint/Src/main.c:345:13:Draw_Menu	8	static
C:/projects/STM32-H750B-DK/LTDC_Paint/Src/main.c:391:6:Save_Picture	80	static,ignoring_inline_asm
C:/projects/STM32-H750B-DK/LTDC_Paint/Src/main.c:517:13:Error_Handler	4	static
C:/projects/STM32-H750B-DK/LTDC_Paint/Src/main.c:529:13:Update_Color	16	static
C:/projects/STM32-H750B-DK/LTDC_Paint/Src/main.c:547:13:Update_Size	16	static
C:/projects/STM32-H750B-DK/LTDC_Paint/Src/main.c:585:13:SystemClock_Config	320	static
C:/projects/STM32-H750B-DK/LTDC_Paint/Src/main.c:665:13:CPU_CACHE_Enable	24	static,ignoring_inline_asm
C:/projects/STM32-H750B-DK/LTDC_Paint/Src/main.c:674:13:CPU_CACHE_Disable	24	static,ignoring_inline_asm
C:/projects/STM32-H750B-DK/LTDC_Paint/Src/main.c:691:19:MX_LTDC_ClockConfig	16	static
C:/projects/STM32-H750B-DK/LTDC_Paint/Src/main.c:720:13:MPU_Config	24	static
