C:/projects/STM32-H750B-DK/LTDC_Paint/Src/main.c:77:5:__io_putchar	2
C:/projects/STM32-H750B-DK/LTDC_Paint/Src/main.c:91:5:main	1
C:/projects/STM32-H750B-DK/LTDC_Paint/Src/main.c:139:13:MX_USART3_UART_Init	5
C:/projects/STM32-H750B-DK/LTDC_Paint/Src/main.c:170:6:HAL_UART_MspInit	3
C:/projects/STM32-H750B-DK/LTDC_Paint/Src/main.c:207:13:Error_Handler	1
C:/projects/STM32-H750B-DK/LTDC_Paint/Src/main.c:236:13:SystemClock_Config	4
C:/projects/STM32-H750B-DK/LTDC_Paint/Src/main.c:316:13:CPU_CACHE_Enable	5
C:/projects/STM32-H750B-DK/LTDC_Paint/Src/main.c:325:13:CPU_CACHE_Disable	3
C:/projects/STM32-H750B-DK/LTDC_Paint/Src/main.c:342:19:MX_LTDC_ClockConfig	1
C:/projects/STM32-H750B-DK/LTDC_Paint/Src/main.c:371:13:MPU_Config	1
