C:/projects/STM32-H750B-DK/LTDC_Paint/Src/main.c:73:5:main	8	static
C:/projects/STM32-H750B-DK/LTDC_Paint/Src/main.c:133:13:Draw_Menu	16	static
C:/projects/STM32-H750B-DK/LTDC_Paint/Src/main.c:176:13:GPIO_Init	32	static
C:/projects/STM32-H750B-DK/LTDC_Paint/Src/main.c:262:13:Error_Handler	4	static
C:/projects/STM32-H750B-DK/LTDC_Paint/Src/main.c:291:13:SystemClock_Config	320	static
C:/projects/STM32-H750B-DK/LTDC_Paint/Src/main.c:371:13:CPU_CACHE_Enable	24	static,ignoring_inline_asm
C:/projects/STM32-H750B-DK/LTDC_Paint/Src/main.c:380:13:CPU_CACHE_Disable	24	static,ignoring_inline_asm
C:/projects/STM32-H750B-DK/LTDC_Paint/Src/main.c:397:19:MX_LTDC_ClockConfig	16	static
C:/projects/STM32-H750B-DK/LTDC_Paint/Src/main.c:426:13:MPU_Config	24	static
