C:/projects/STM32-H750B-DK/LTDC_Paint/Src/main.c:68:5:__io_putchar	16	static
C:/projects/STM32-H750B-DK/LTDC_Paint/Src/main.c:75:6:HAL_UART_MspInit	240	static
C:/projects/STM32-H750B-DK/LTDC_Paint/Src/main.c:115:5:main	8	static
C:/projects/STM32-H750B-DK/LTDC_Paint/Src/main.c:178:13:Draw_Menu	16	static
C:/projects/STM32-H750B-DK/LTDC_Paint/Src/main.c:221:13:MX_USART3_UART_Init	8	static
C:/projects/STM32-H750B-DK/LTDC_Paint/Src/main.c:252:13:GPIO_Init	32	static
C:/projects/STM32-H750B-DK/LTDC_Paint/Src/main.c:338:13:Error_Handler	4	static
C:/projects/STM32-H750B-DK/LTDC_Paint/Src/main.c:367:13:SystemClock_Config	320	static
C:/projects/STM32-H750B-DK/LTDC_Paint/Src/main.c:447:13:CPU_CACHE_Enable	24	static,ignoring_inline_asm
C:/projects/STM32-H750B-DK/LTDC_Paint/Src/main.c:456:13:CPU_CACHE_Disable	24	static,ignoring_inline_asm
C:/projects/STM32-H750B-DK/LTDC_Paint/Src/main.c:473:19:MX_LTDC_ClockConfig	16	static
C:/projects/STM32-H750B-DK/LTDC_Paint/Src/main.c:502:13:MPU_Config	24	static
