C:/projects/STM32-H750B-DK/LTDC_Paint/Src/main.c:148:5:__io_putchar	16	static
C:/projects/STM32-H750B-DK/LTDC_Paint/Src/main.c:162:5:main	8	static
C:/projects/STM32-H750B-DK/LTDC_Paint/Src/main.c:204:6:setAllRowsInactive	16	static
C:/projects/STM32-H750B-DK/LTDC_Paint/Src/main.c:211:6:setRowActive	16	static
C:/projects/STM32-H750B-DK/LTDC_Paint/Src/main.c:220:6:readFlexiKeyboard	16	static
C:/projects/STM32-H750B-DK/LTDC_Paint/Src/main.c:264:13:GPIO_Init	72	static
C:/projects/STM32-H750B-DK/LTDC_Paint/Src/main.c:304:13:Draw_Menu	16	static
C:/projects/STM32-H750B-DK/LTDC_Paint/Src/main.c:317:13:InitializeLcd	8	static
C:/projects/STM32-H750B-DK/LTDC_Paint/Src/main.c:332:13:MX_USART3_UART_Init	8	static
C:/projects/STM32-H750B-DK/LTDC_Paint/Src/main.c:363:6:HAL_UART_MspInit	240	static
C:/projects/STM32-H750B-DK/LTDC_Paint/Src/main.c:400:13:Error_Handler	4	static
C:/projects/STM32-H750B-DK/LTDC_Paint/Src/main.c:429:13:SystemClock_Config	320	static
C:/projects/STM32-H750B-DK/LTDC_Paint/Src/main.c:509:13:CPU_CACHE_Enable	24	static,ignoring_inline_asm
C:/projects/STM32-H750B-DK/LTDC_Paint/Src/main.c:518:13:CPU_CACHE_Disable	24	static,ignoring_inline_asm
C:/projects/STM32-H750B-DK/LTDC_Paint/Src/main.c:535:19:MX_LTDC_ClockConfig	16	static
C:/projects/STM32-H750B-DK/LTDC_Paint/Src/main.c:564:13:MPU_Config	24	static
