C:/projects/STM32-H750B-DK/LTDC_Paint/Src/main.c:56:5:__io_putchar	16	static
C:/projects/STM32-H750B-DK/LTDC_Paint/Src/main.c:70:5:main	96	static
C:/projects/STM32-H750B-DK/LTDC_Paint/Src/main.c:100:13:MX_USART3_UART_Init	8	static
C:/projects/STM32-H750B-DK/LTDC_Paint/Src/main.c:131:6:HAL_UART_MspInit	240	static
C:/projects/STM32-H750B-DK/LTDC_Paint/Src/main.c:168:13:Error_Handler	4	static
C:/projects/STM32-H750B-DK/LTDC_Paint/Src/main.c:197:13:SystemClock_Config	320	static
C:/projects/STM32-H750B-DK/LTDC_Paint/Src/main.c:278:13:CPU_CACHE_Enable	24	static,ignoring_inline_asm
C:/projects/STM32-H750B-DK/LTDC_Paint/Src/main.c:295:19:MX_LTDC_ClockConfig	16	static
C:/projects/STM32-H750B-DK/LTDC_Paint/Src/main.c:324:13:MPU_Config	24	static
