C:/projects/STM32-H750B-DK/LTDC_Paint/Src/main.c:23:5:main	96	static
C:/projects/STM32-H750B-DK/LTDC_Paint/Src/main.c:50:6:MX_TIM8_PWM_Init	80	static
C:/projects/STM32-H750B-DK/LTDC_Paint/Src/main.c:86:6:TIM8_Start	24	static
C:/projects/STM32-H750B-DK/LTDC_Paint/Src/main.c:94:6:TIM8_Stop	8	static
C:/projects/STM32-H750B-DK/LTDC_Paint/Src/main.c:99:5:__io_putchar	16	static
C:/projects/STM32-H750B-DK/LTDC_Paint/Src/main.c:106:13:MX_USART3_UART_Init	8	static
C:/projects/STM32-H750B-DK/LTDC_Paint/Src/main.c:137:6:HAL_UART_MspInit	240	static
C:/projects/STM32-H750B-DK/LTDC_Paint/Src/main.c:174:13:Error_Handler	4	static
C:/projects/STM32-H750B-DK/LTDC_Paint/Src/main.c:203:13:SystemClock_Config	320	static
C:/projects/STM32-H750B-DK/LTDC_Paint/Src/main.c:284:13:CPU_CACHE_Enable	24	static,ignoring_inline_asm
C:/projects/STM32-H750B-DK/LTDC_Paint/Src/main.c:301:19:MX_LTDC_ClockConfig	16	static
C:/projects/STM32-H750B-DK/LTDC_Paint/Src/main.c:330:13:MPU_Config	24	static
