C:/projects/STM32-H750B-DK/LTDC_Paint/Utilities/Lcd_Trace/lcd_trace.c:102:25:UTIL_LCD_TRACE_Init	16	static
C:/projects/STM32-H750B-DK/LTDC_Paint/Utilities/Lcd_Trace/lcd_trace.c:131:6:UTIL_LCD_TRACE_DeInit	4	static
C:/projects/STM32-H750B-DK/LTDC_Paint/Utilities/Lcd_Trace/lcd_trace.c:152:6:UTIL_LCD_TRACE_SetHeader	32	static
C:/projects/STM32-H750B-DK/LTDC_Paint/Utilities/Lcd_Trace/lcd_trace.c:178:6:UTIL_LCD_TRACE_SetFooter	32	static
C:/projects/STM32-H750B-DK/LTDC_Paint/Utilities/Lcd_Trace/lcd_trace.c:205:6:UTIL_LCD_TRACE_ClearTextZone	16	static
C:/projects/STM32-H750B-DK/LTDC_Paint/Utilities/Lcd_Trace/lcd_trace.c:300:6:UTIL_LCD_TRACE_UpdateDisplay	24	static
C:/projects/STM32-H750B-DK/LTDC_Paint/Utilities/Lcd_Trace/lcd_trace.c:341:25:UTIL_LCD_TRACE_ScrollBack	8	static
C:/projects/STM32-H750B-DK/LTDC_Paint/Utilities/Lcd_Trace/lcd_trace.c:405:25:UTIL_LCD_TRACE_ScrollForward	8	static
