C:/projects/STM32-H750B-DK/LTDC_Paint/Utilities/lcd/stm32_lcd.c:167:6:UTIL_LCD_SetFuncDriver	16	static
C:/projects/STM32-H750B-DK/LTDC_Paint/Utilities/lcd/stm32_lcd.c:192:6:UTIL_LCD_SetLayer	16	static
C:/projects/STM32-H750B-DK/LTDC_Paint/Utilities/lcd/stm32_lcd.c:207:6:UTIL_LCD_SetDevice	16	static
C:/projects/STM32-H750B-DK/LTDC_Paint/Utilities/lcd/stm32_lcd.c:218:6:UTIL_LCD_SetTextColor	16	static
C:/projects/STM32-H750B-DK/LTDC_Paint/Utilities/lcd/stm32_lcd.c:227:10:UTIL_LCD_GetTextColor	4	static
C:/projects/STM32-H750B-DK/LTDC_Paint/Utilities/lcd/stm32_lcd.c:236:6:UTIL_LCD_SetBackColor	16	static
C:/projects/STM32-H750B-DK/LTDC_Paint/Utilities/lcd/stm32_lcd.c:245:10:UTIL_LCD_GetBackColor	4	static
C:/projects/STM32-H750B-DK/LTDC_Paint/Utilities/lcd/stm32_lcd.c:254:6:UTIL_LCD_SetFont	16	static
C:/projects/STM32-H750B-DK/LTDC_Paint/Utilities/lcd/stm32_lcd.c:263:8:UTIL_LCD_GetFont	4	static
C:/projects/STM32-H750B-DK/LTDC_Paint/Utilities/lcd/stm32_lcd.c:275:6:UTIL_LCD_FillRGBRect	40	static
C:/projects/STM32-H750B-DK/LTDC_Paint/Utilities/lcd/stm32_lcd.c:288:6:UTIL_LCD_DrawHLine	40	static
C:/projects/STM32-H750B-DK/LTDC_Paint/Utilities/lcd/stm32_lcd.c:308:6:UTIL_LCD_DrawVLine	40	static
C:/projects/STM32-H750B-DK/LTDC_Paint/Utilities/lcd/stm32_lcd.c:327:6:UTIL_LCD_GetPixel	24	static
C:/projects/STM32-H750B-DK/LTDC_Paint/Utilities/lcd/stm32_lcd.c:343:6:UTIL_LCD_SetPixel	24	static
C:/projects/STM32-H750B-DK/LTDC_Paint/Utilities/lcd/stm32_lcd.c:360:6:UTIL_LCD_Clear	24	static
C:/projects/STM32-H750B-DK/LTDC_Paint/Utilities/lcd/stm32_lcd.c:370:6:UTIL_LCD_ClearStringLine	32	static
C:/projects/STM32-H750B-DK/LTDC_Paint/Utilities/lcd/stm32_lcd.c:383:6:UTIL_LCD_DisplayChar	24	static
C:/projects/STM32-H750B-DK/LTDC_Paint/Utilities/lcd/stm32_lcd.c:400:6:UTIL_LCD_DisplayStringAt	48	static
C:/projects/STM32-H750B-DK/LTDC_Paint/Utilities/lcd/stm32_lcd.c:461:6:UTIL_LCD_DisplayStringAtLine	16	static
C:/projects/STM32-H750B-DK/LTDC_Paint/Utilities/lcd/stm32_lcd.c:474:6:UTIL_LCD_DrawLine	64	static
C:/projects/STM32-H750B-DK/LTDC_Paint/Utilities/lcd/stm32_lcd.c:553:6:UTIL_LCD_DrawRect	24	static
C:/projects/STM32-H750B-DK/LTDC_Paint/Utilities/lcd/stm32_lcd.c:571:6:UTIL_LCD_DrawCircle	40	static
C:/projects/STM32-H750B-DK/LTDC_Paint/Utilities/lcd/stm32_lcd.c:650:6:UTIL_LCD_DrawPolygon	48	static
C:/projects/STM32-H750B-DK/LTDC_Paint/Utilities/lcd/stm32_lcd.c:678:6:UTIL_LCD_DrawEllipse	56	static
C:/projects/STM32-H750B-DK/LTDC_Paint/Utilities/lcd/stm32_lcd.c:714:6:UTIL_LCD_DrawBitmap	32	static
C:/projects/STM32-H750B-DK/LTDC_Paint/Utilities/lcd/stm32_lcd.c:727:6:UTIL_LCD_FillRect	40	static
C:/projects/STM32-H750B-DK/LTDC_Paint/Utilities/lcd/stm32_lcd.c:747:6:UTIL_LCD_FillCircle	40	static
C:/projects/STM32-H750B-DK/LTDC_Paint/Utilities/lcd/stm32_lcd.c:808:6:UTIL_LCD_FillPolygon	88	static
C:/projects/STM32-H750B-DK/LTDC_Paint/Utilities/lcd/stm32_lcd.c:912:6:UTIL_LCD_FillEllipse	56	static
C:/projects/STM32-H750B-DK/LTDC_Paint/Utilities/lcd/stm32_lcd.c:944:13:DrawChar	208	static
C:/projects/STM32-H750B-DK/LTDC_Paint/Utilities/lcd/stm32_lcd.c:1017:13:FillTriangle	72	static
